<html>
<body>
<pre>
<h1>µVision Build Log</h1>
<h2>Tool Versions:</h2>
IDE-Version: µVision V5.30.0.0
Copyright (C) 2020 ARM Ltd and ARM Germany GmbH. All rights reserved.
License Information: Angus Mack, Hammer Horror, LIC=CZLZX-HAR6U-PCWJ8-3FARY-EEBBL-U4HCC
 
Tool Versions:
Toolchain:       MDK-ARM Plus  Version: 5.30.0.0
Toolchain Path:  C:\Keil_v5\ARM\ARMCC\Bin
C Compiler:      Armcc.exe V5.06 update 6 (build 750)
Assembler:       Armasm.exe V5.06 update 6 (build 750)
Linker/Locator:  ArmLink.exe V5.06 update 6 (build 750)
Library Manager: ArmAr.exe V5.06 update 6 (build 750)
Hex Converter:   FromElf.exe V5.06 update 6 (build 750)
CPU DLL:         SARMCM3.DLL V5.30.0.0
Dialog DLL:      DCM.DLL V1.17.3.0
Target DLL:      STLink\ST-LINKIII-KEIL_SWO.dll V3.0.7.0
Dialog DLL:      TCM.DLL V1.42.0.0
 
<h2>Project:</h2>
C:\dev\CDJ-1000Mk3-MCU-Mod\Src\MDK-ARM\F7.uvprojx
Project File Date:  01/02/2021

<h2>Output:</h2>
*** Using Compiler 'V5.06 update 6 (build 750)', folder: 'C:\Keil_v5\ARM\ARMCC\Bin'
Build target 'F7'
assembling startup_stm32f746xx.s...
compiling stm32f7xx_hal_i2c_ex.c...
compiling stm32f7xx_hal_ltdc_ex.c...
compiling stm32f7xx_hal_flash.c...
compiling stm32f7xx_hal_flash_ex.c...
compiling stm32f7xx_hal_gpio.c...
compiling stm32f7xx_hal_cortex.c...
compiling stm32f7xx_hal_dma.c...
compiling stm32f7xx_hal_rcc.c...
compiling stm32f7xx_hal_pwr_ex.c...
compiling stm32f7xx_hal_tim_ex.c...
compiling stm32746g_discovery_sdram.c...
compiling stm32f7xx_ll_fmc.c...
compiling stm32f7xx_hal_pwr.c...
compiling stm32746g_discovery.c...
compiling stm32f7xx_hal_dma2d.c...
compiling stm32746g_discovery_qspi.c...
compiling stm32f7xx_hal_dma_ex.c...
compiling stm32746g_discovery_lcd.c...
compiling stm32f7xx_hal_rcc_ex.c...
compiling stm32f7xx_hal_tim.c...
compiling stm32f7xx_hal_i2c.c...
compiling stm32f7xx_hal_sdram.c...
compiling stm32f7xx_hal_dsi.c...
compiling dma2d.c...
compiling sdmmc.c...
compiling stm32f7xx_it.c...
compiling stm32f7xx_hal_msp.c...
compiling stm32f7xx_hal.c...
compiling ltdc.c...
compiling fatfs.c...
compiling fmc.c...
compiling sai.c...
compiling bsp_driver_sd.c...
compiling stm32f7xx_hal_qspi.c...
compiling i2c.c...
compiling stm32f7xx_hal_sai_ex.c...
compiling stm32f7xx_hal_ltdc.c...
compiling stm32f7xx_ll_sdmmc.c...
compiling wm8994.c...
compiling stm32f7xx_hal_sai.c...
compiling stm32f7xx_hal_spi.c...
compiling stm32f7xx_hal_sd.c...
compiling gpio.c...
compiling dma.c...
compiling quadspi.c...
compiling spi.c...
compiling ft5336.c...
compiling tim.c...
compiling syscall.c...
compiling diskio.c...
compiling system_stm32f7xx.c...
compiling ff_gen_drv.c...
compiling sd_diskio.c...
compiling ff.c...
compiling main.c...
../Src/main.c(2728): warning:  #167-D: argument of type "char *" is incompatible with parameter of type "uint8_t *"
  	BSP_LCD_DisplayStringAt(420,257,FIRMWARE_VERSION, LEFT_MODE);	
../Src/main.c(3054): warning:  #223-D: function "FillTriangle" declared implicitly
  						FillTriangle(i+36, i+44, i+40, 79, 79, 83);	
../Src/main.c(3082): warning:  #223-D: function "FillTriangle" declared implicitly
  							FillTriangle(i+36, i+44, i+40, 79, 79, 83);
../Src/main.c(3091): warning:  #223-D: function "FillTriangle" declared implicitly
  				FillTriangle(i+36, i+44, i+40, 170, 170, 166);
../Src/main.c(3181): warning:  #223-D: function "FillTriangle" declared implicitly
  			FillTriangle(p+36, p+42, p+39, 269, 269, 266);
../Src/main.c(3213): warning:  #223-D: function "FillTriangle" declared implicitly
  				FillTriangle(p+36, p+42, p+39, 226, 226, 229);
../Src/main.c(3218): warning:  #223-D: function "FillTriangle" declared implicitly
  				FillTriangle(p+36, p+42, p+39, 226, 226, 229);
../Src/main.c(4992): warning:  #223-D: function "FillTriangle" declared implicitly
  			FillTriangle(20, 20, 27, 20+(19*UCurrentCursorPosition), 34+(19*UCurrentCursorPosition), 27 +(19*UCurrentCursorPosition));	
../Src/main.c(5009): warning:  #223-D: function "FillTriangle" declared implicitly
  			FillTriangle(276, 276, 283, 20+(19*UCurrentCursorPosition), 34+(19*UCurrentCursorPosition), 27 +(19*UCurrentCursorPosition));	
../Src/main.c(6196): warning:  #167-D: argument of type "char *" is incompatible with parameter of type "uint8_t *"
  		BSP_LCD_DisplayStringAt(280, 21, SDCARD_NAME, TRANSPARENT_MODE);				//Flash name
../Src/main.c(6202): warning:  #167-D: argument of type "char *" is incompatible with parameter of type "uint8_t *"
  		BSP_LCD_DisplayStringAt(280, 78, SD_DATE, TRANSPARENT_MODE);			//DATE
../Src/main.c(6899): warning:  #167-D: argument of type "char *" is incompatible with parameter of type "uint8_t *"
  		BSP_LCD_DisplayStringAt(35, 21+(19*E), UTILITY_BASE[E+CurrentUPosition-1], TRANSPARENT_MODE);
../Src/main.c(6920): warning:  #167-D: argument of type "char *" is incompatible with parameter of type "uint8_t *"
  	BSP_LCD_DisplayStringAt(35, 21+(19*UCurrentCursorPosition), UTILITY_BASE[UCurrentCursorPosition+CurrentUPosition-1], TRANSPARENT_MODE);	
../Src/main.c(6934): warning:  #167-D: argument of type "char *" is incompatible with parameter of type "uint8_t *"
  	BSP_LCD_DisplayStringAt(35,21+(19*UCurrentCursorPosition), UTILITY_BASE[UCurrentCursorPosition+CurrentUPosition-1], TRANSPARENT_MODE);
../Src/main.c(6951): warning:  #223-D: function "FillTriangle" declared implicitly
  	FillTriangle(20, 20, 27, 20+(19*UCurrentCursorPosition), 34+(19*UCurrentCursorPosition), 27 +(19*UCurrentCursorPosition));		
../Src/main.c: 15 warnings, 0 errors
linking...
Program Size: Code=94132 RO-data=4584604 RW-data=6785828 ZI-data=174820  
FromELF: creating hex file...
"F7\F7.axf" - 0 Error(s), 15 Warning(s).

<h2>Software Packages used:</h2>

Package Vendor: ARM
                http://www.keil.com/pack/ARM.CMSIS.5.7.0.pack
                ARM.CMSIS.5.7.0
                CMSIS (Cortex Microcontroller Software Interface Standard)
   * Component: CORE Version: 5.4.0

Package Vendor: Keil
                http://www.keil.com/pack/Keil.STM32F7xx_DFP.2.14.0.pack
                Keil.STM32F7xx_DFP.2.14.0
                STMicroelectronics STM32F7 Series Device Support, Drivers and Examples

<h2>Collection of Component include folders:</h2>
  .\RTE\_F7
  C:\Users\Angus\AppData\Local\Arm\Packs\ARM\CMSIS\5.7.0\CMSIS\Core\Include
  C:\Users\Angus\AppData\Local\Arm\Packs\Keil\STM32F7xx_DFP\2.14.0\Drivers\CMSIS\Device\ST\STM32F7xx\Include

<h2>Collection of Component Files used:</h2>

   * Component: ARM::CMSIS:CORE:5.4.0
Build Time Elapsed:  00:00:32
</pre>
</body>
</html>
