Component: ARM Compiler 5.06 update 6 (build 750) Tool: armlink [4d35ed]

==============================================================================

Section Cross References

    startup_stm32f746xx.o(RESET) refers to startup_stm32f746xx.o(STACK) for __initial_sp
    startup_stm32f746xx.o(RESET) refers to startup_stm32f746xx.o(.text) for Reset_Handler
    startup_stm32f746xx.o(RESET) refers to stm32f7xx_it.o(i.SysTick_Handler) for SysTick_Handler
    startup_stm32f746xx.o(RESET) refers to main.o(i.TIM1_UP_TIM10_IRQHandler) for TIM1_UP_TIM10_IRQHandler
    startup_stm32f746xx.o(RESET) refers to main.o(i.EXTI15_10_IRQHandler) for EXTI15_10_IRQHandler
    startup_stm32f746xx.o(RESET) refers to stm32f7xx_it.o(i.DMA2_Stream0_IRQHandler) for DMA2_Stream0_IRQHandler
    startup_stm32f746xx.o(RESET) refers to main.o(i.DMA2_Stream5_IRQHandler) for DMA2_Stream5_IRQHandler
    startup_stm32f746xx.o(RESET) refers to main.o(i.SAI2_IRQHandler) for SAI2_IRQHandler
    startup_stm32f746xx.o(.text) refers to system_stm32f7xx.o(i.SystemInit) for SystemInit
    startup_stm32f746xx.o(.text) refers to entry.o(.ARM.Collect$$$$00000000) for __main
    stm32746g_discovery.o(i.AUDIO_IO_Delay) refers to stm32f7xx_hal.o(i.HAL_Delay) for HAL_Delay
    stm32746g_discovery.o(i.AUDIO_IO_Init) refers to stm32746g_discovery.o(i.I2Cx_Init) for I2Cx_Init
    stm32746g_discovery.o(i.AUDIO_IO_Init) refers to stm32746g_discovery.o(.bss) for .bss
    stm32746g_discovery.o(i.AUDIO_IO_Read) refers to stm32746g_discovery.o(i.I2Cx_ReadMultiple) for I2Cx_ReadMultiple
    stm32746g_discovery.o(i.AUDIO_IO_Read) refers to stm32746g_discovery.o(.bss) for .bss
    stm32746g_discovery.o(i.AUDIO_IO_Write) refers to stm32746g_discovery.o(i.I2Cx_WriteMultiple) for I2Cx_WriteMultiple
    stm32746g_discovery.o(i.AUDIO_IO_Write) refers to stm32746g_discovery.o(.bss) for .bss
    stm32746g_discovery.o(i.BSP_LED_DeInit) refers to stm32f7xx_hal_gpio.o(i.HAL_GPIO_WritePin) for HAL_GPIO_WritePin
    stm32746g_discovery.o(i.BSP_LED_DeInit) refers to stm32f7xx_hal_gpio.o(i.HAL_GPIO_DeInit) for HAL_GPIO_DeInit
    stm32746g_discovery.o(i.BSP_LED_DeInit) refers to stm32746g_discovery.o(.constdata) for .constdata
    stm32746g_discovery.o(i.BSP_LED_Init) refers to stm32f7xx_hal_gpio.o(i.HAL_GPIO_Init) for HAL_GPIO_Init
    stm32746g_discovery.o(i.BSP_LED_Init) refers to stm32f7xx_hal_gpio.o(i.HAL_GPIO_WritePin) for HAL_GPIO_WritePin
    stm32746g_discovery.o(i.BSP_LED_Init) refers to stm32746g_discovery.o(.constdata) for .constdata
    stm32746g_discovery.o(i.BSP_LED_Off) refers to stm32f7xx_hal_gpio.o(i.HAL_GPIO_WritePin) for HAL_GPIO_WritePin
    stm32746g_discovery.o(i.BSP_LED_Off) refers to stm32746g_discovery.o(.constdata) for .constdata
    stm32746g_discovery.o(i.BSP_LED_On) refers to stm32f7xx_hal_gpio.o(i.HAL_GPIO_WritePin) for HAL_GPIO_WritePin
    stm32746g_discovery.o(i.BSP_LED_On) refers to stm32746g_discovery.o(.constdata) for .constdata
    stm32746g_discovery.o(i.BSP_LED_Toggle) refers to stm32f7xx_hal_gpio.o(i.HAL_GPIO_TogglePin) for HAL_GPIO_TogglePin
    stm32746g_discovery.o(i.BSP_LED_Toggle) refers to stm32746g_discovery.o(.constdata) for .constdata
    stm32746g_discovery.o(i.BSP_PB_DeInit) refers to stm32f7xx_hal_cortex.o(i.HAL_NVIC_DisableIRQ) for HAL_NVIC_DisableIRQ
    stm32746g_discovery.o(i.BSP_PB_DeInit) refers to stm32f7xx_hal_gpio.o(i.HAL_GPIO_DeInit) for HAL_GPIO_DeInit
    stm32746g_discovery.o(i.BSP_PB_DeInit) refers to stm32746g_discovery.o(.constdata) for .constdata
    stm32746g_discovery.o(i.BSP_PB_DeInit) refers to stm32746g_discovery.o(.data) for .data
    stm32746g_discovery.o(i.BSP_PB_GetState) refers to stm32f7xx_hal_gpio.o(i.HAL_GPIO_ReadPin) for HAL_GPIO_ReadPin
    stm32746g_discovery.o(i.BSP_PB_GetState) refers to stm32746g_discovery.o(.constdata) for .constdata
    stm32746g_discovery.o(i.BSP_PB_GetState) refers to stm32746g_discovery.o(.data) for .data
    stm32746g_discovery.o(i.BSP_PB_Init) refers to stm32f7xx_hal_gpio.o(i.HAL_GPIO_Init) for HAL_GPIO_Init
    stm32746g_discovery.o(i.BSP_PB_Init) refers to stm32f7xx_hal_cortex.o(i.HAL_NVIC_SetPriority) for HAL_NVIC_SetPriority
    stm32746g_discovery.o(i.BSP_PB_Init) refers to stm32f7xx_hal_cortex.o(i.HAL_NVIC_EnableIRQ) for HAL_NVIC_EnableIRQ
    stm32746g_discovery.o(i.BSP_PB_Init) refers to stm32746g_discovery.o(.constdata) for .constdata
    stm32746g_discovery.o(i.BSP_PB_Init) refers to stm32746g_discovery.o(.data) for .data
    stm32746g_discovery.o(i.CAMERA_Delay) refers to stm32f7xx_hal.o(i.HAL_Delay) for HAL_Delay
    stm32746g_discovery.o(i.CAMERA_IO_Init) refers to stm32746g_discovery.o(i.I2Cx_Init) for I2Cx_Init
    stm32746g_discovery.o(i.CAMERA_IO_Init) refers to stm32746g_discovery.o(.bss) for .bss
    stm32746g_discovery.o(i.CAMERA_IO_Read) refers to stm32746g_discovery.o(i.I2Cx_ReadMultiple) for I2Cx_ReadMultiple
    stm32746g_discovery.o(i.CAMERA_IO_Read) refers to stm32746g_discovery.o(.bss) for .bss
[...]
    free                                     0x08011561   Thumb Code    76  malloc.o(i.free)
    ft5336_TS_GetGestureID                   0x080115b1   Thumb Code    24  ft5336.o(i.ft5336_TS_GetGestureID)
    get_fat                                  0x0801165f   Thumb Code   252  ff.o(i.get_fat)
    get_fattime                              0x0801175b   Thumb Code     4  fatfs.o(i.get_fattime)
    intDRAW_WAVEFORM_FRAME                   0x08011865   Thumb Code   956  main.o(i.intDRAW_WAVEFORM_FRAME)
    intDrawLayer0_ANIMATION                  0x08011c59   Thumb Code   178  main.o(i.intDrawLayer0_ANIMATION)
    intDrawLayer0_BROWSER_1_3                0x08011d1d   Thumb Code   318  main.o(i.intDrawLayer0_BROWSER_1_3)
    intDrawLayer0_INFO                       0x08011e71   Thumb Code   696  main.o(i.intDrawLayer0_INFO)
    intDrawLayer0_INFO_ANIMATION             0x0801215d   Thumb Code   564  main.o(i.intDrawLayer0_INFO_ANIMATION)
    intDrawLayer0_NOINFO                     0x080123c1   Thumb Code   224  main.o(i.intDrawLayer0_NOINFO)
    intDrawLayer0_NOINFO_ANIMATION           0x080124b1   Thumb Code   102  main.o(i.intDrawLayer0_NOINFO_ANIMATION)
    intDrawTriangle                          0x08012525   Thumb Code   176  main.o(i.intDrawTriangle)
    int_B1_DRAW_ONE_LINE                     0x080125dd   Thumb Code   572  main.o(i.int_B1_DRAW_ONE_LINE)
    int_B2_DRAW_ONE_LINE                     0x0801284d   Thumb Code   674  main.o(i.int_B2_DRAW_ONE_LINE)
    int_BI_DRAW_ONE_LINE                     0x08012b65   Thumb Code  1202  main.o(i.int_BI_DRAW_ONE_LINE)
    int_BIx_DRAW_ALL_LINES                   0x08013021   Thumb Code  2360  main.o(i.int_BIx_DRAW_ALL_LINES)
    int_B_DRAW_ALL_LINES                     0x08013959   Thumb Code   424  main.o(i.int_B_DRAW_ALL_LINES)
    int_B_DRAW_ONE_LINE                      0x08013b31   Thumb Code   818  main.o(i.int_B_DRAW_ONE_LINE)
    int_DRAW_STARS_RATING                    0x08013ea9   Thumb Code   150  main.o(i.int_DRAW_STARS_RATING)
    int_DRAW_TRANSPARENT_BAR                 0x08013f4d   Thumb Code   154  main.o(i.int_DRAW_TRANSPARENT_BAR)
    int_TI_DRAW_ALL_LINES                    0x08013fe9   Thumb Code   574  main.o(i.int_TI_DRAW_ALL_LINES)
    int_TI_DRAW_ONE_LINE                     0x0801427d   Thumb Code   874  main.o(i.int_TI_DRAW_ONE_LINE)
    int_T_DRAW_ALL_LINES                     0x08014651   Thumb Code   284  main.o(i.int_T_DRAW_ALL_LINES)
    int_T_DRAW_ONE_LINE                      0x0801478d   Thumb Code   590  main.o(i.int_T_DRAW_ONE_LINE)
    int_U_DRAW_ALL_LINES                     0x08014a11   Thumb Code   152  main.o(i.int_U_DRAW_ALL_LINES)
    int_U_DRAW_ONE_LINE                      0x08014ab1   Thumb Code   604  main.o(i.int_U_DRAW_ONE_LINE)
    int_U_REDRAW_ONE_LINE                    0x08014d35   Thumb Code   122  main.o(i.int_U_REDRAW_ONE_LINE)
    int_VALUE_to_KEY                         0x08014dbd   Thumb Code    46  main.o(i.int_VALUE_to_KEY)
    int_reload_parameter                     0x08014dfd   Thumb Code    70  main.o(i.int_reload_parameter)
    int_reload_parameter_realtime            0x08014e51   Thumb Code   280  main.o(i.int_reload_parameter_realtime)
    main                                     0x08014fb9   Thumb Code  4754  main.o(i.main)
    malloc                                   0x0801624d   Thumb Code    92  malloc.o(i.malloc)
    put_fat                                  0x0801632d   Thumb Code   308  ff.o(i.put_fat)
    wm8994_DeInit                            0x0801662d   Thumb Code     4  wm8994.o(i.wm8994_DeInit)
    wm8994_Init                              0x08016631   Thumb Code  1816  wm8994.o(i.wm8994_Init)
    wm8994_Pause                             0x08016d4d   Thumb Code    28  wm8994.o(i.wm8994_Pause)
    wm8994_Play                              0x08016d69   Thumb Code     6  wm8994.o(i.wm8994_Play)
    wm8994_ReadID                            0x08016d6f   Thumb Code    20  wm8994.o(i.wm8994_ReadID)
    wm8994_Reset                             0x08016d85   Thumb Code    22  wm8994.o(i.wm8994_Reset)
    wm8994_Resume                            0x08016da1   Thumb Code     6  wm8994.o(i.wm8994_Resume)
    wm8994_SetFrequency                      0x08016da7   Thumb Code   156  wm8994.o(i.wm8994_SetFrequency)
    wm8994_SetMute                           0x08016e45   Thumb Code    82  wm8994.o(i.wm8994_SetMute)
    wm8994_SetOutputMode                     0x08016e9d   Thumb Code   304  wm8994.o(i.wm8994_SetOutputMode)
    wm8994_SetVolume                         0x08016fcd   Thumb Code   300  wm8994.o(i.wm8994_SetVolume)
    wm8994_Stop                              0x080170fd   Thumb Code   122  wm8994.o(i.wm8994_Stop)
    Font23D_Table                            0x0801717c   Data        5796  stm32746g_discovery_lcd.o(.constdata)
    Font26D_Table                            0x08018820   Data        1352  stm32746g_discovery_lcd.o(.constdata)
    Font20D_Table                            0x08018d68   Data        3608  stm32746g_discovery_lcd.o(.constdata)
    Font15P_Table                            0x08019b80   Data        2850  stm32746g_discovery_lcd.o(.constdata)
    Font8_Table                              0x0801a6a2   Data         950  stm32746g_discovery_lcd.o(.constdata)
    FontBMP_Table                            0x0801aa58   Data        1221  stm32746g_discovery_lcd.o(.constdata)
    Font18D_Table                            0x0801af1d   Data        3420  stm32746g_discovery_lcd.o(.constdata)
    Font11D_Table                            0x0801bc79   Data         396  stm32746g_discovery_lcd.o(.constdata)
    Font13D_Table                            0x0801be05   Data        2470  stm32746g_discovery_lcd.o(.constdata)
    COLOR_MAP                                0x0801c7b4   Data          64  main.o(.constdata)
    WS_COLOR_MAP                             0x0801c7f4   Data         128  main.o(.constdata)
    COLOR_MAP_RATING                         0x0801c874   Data          36  main.o(.constdata)
    AHBPrescTable                            0x0801c898   Data          16  system_stm32f7xx.o(.constdata)
    SD_Driver                                0x0801c964   Data          20  sd_diskio.o(.constdata)
    Region$$Table$$Base                      0x0801c978   Number         0  anon$$obj.o(Region$$Table)
    Region$$Table$$Limit                     0x0801c9a8   Number         0  anon$$obj.o(Region$$Table)
    TRANSPARENT_MODE_ENABLE                  0x20000000   Data           1  stm32746g_discovery_lcd.o(.data)
    Font15P                                  0x20000008   Data           8  stm32746g_discovery_lcd.o(.data)
    Font8                                    0x20000010   Data           8  stm32746g_discovery_lcd.o(.data)
    width15P                                 0x20000018   Data          95  stm32746g_discovery_lcd.o(.data)
    Font23D                                  0x20000078   Data           8  stm32746g_discovery_lcd.o(.data)
    Font26D                                  0x20000080   Data           8  stm32746g_discovery_lcd.o(.data)
    Font20D                                  0x20000088   Data           8  stm32746g_discovery_lcd.o(.data)
    FontBMP                                  0x20000090   Data           8  stm32746g_discovery_lcd.o(.data)
    Font18D                                  0x20000098   Data           8  stm32746g_discovery_lcd.o(.data)
    Font11D                                  0x200000a0   Data           8  stm32746g_discovery_lcd.o(.data)
    Font13D                                  0x200000a8   Data           8  stm32746g_discovery_lcd.o(.data)
    uwTick                                   0x200000b4   Data           4  stm32f7xx_hal.o(.data)
    DynamicWaveformZOOM                      0x200000b8   Data           1  main.o(.data)
    GRID_OFFSET                              0x200000b9   Data           1  main.o(.data)
    Prev10m                                  0x200000ba   Data           1  main.o(.data)
    Prev1m                                   0x200000bb   Data           1  main.o(.data)
    Prev10s                                  0x200000bc   Data           1  main.o(.data)
    Prev1s                                   0x200000bd   Data           1  main.o(.data)
    Prev10f                                  0x200000be   Data           1  main.o(.data)
    Prev1f                                   0x200000bf   Data           1  main.o(.data)
    PrevHf                                   0x200000c0   Data           1  main.o(.data)
    VisibleLayer                             0x200000c1   Data           1  main.o(.data)
    forcibly_redraw                          0x200000c2   Data           1  main.o(.data)
    RED_VERTICAL_LINE                        0x200000c3   Data           1  main.o(.data)
    dSHOW                                    0x200000c4   Data           1  main.o(.data)
    MemoryCuePyramid_ENABLE                  0x200000c5   Data           1  main.o(.data)
    DRAWN_IN_REMAIN                          0x200000c6   Data           1  main.o(.data)
    need_DSW                                 0x200000c7   Data           1  main.o(.data)
    number_of_hot_cue_points                 0x200000c8   Data           1  main.o(.data)
    number_of_memory_cue_points              0x200000c9   Data           1  main.o(.data)
    filling_step                             0x200000ca   Data           1  main.o(.data)
    change_speed                             0x200000cb   Data           1  main.o(.data)
    offset_adress                            0x200000cc   Data           1  main.o(.data)
    mem_offset_adress                        0x200000cd   Data           1  main.o(.data)
    reverse                                  0x200000ce   Data           1  main.o(.data)
    step_position                            0x200000cf   Data           1  main.o(.data)
    QUANTIZE                                 0x200000d0   Data           1  main.o(.data)
    end_of_track                             0x200000d1   Data           1  main.o(.data)
    loop_active                              0x200000d2   Data           1  main.o(.data)
    lock_control                             0x200000d3   Data           1  main.o(.data)
    TOTAL_TRACKLISTS                         0x200000d4   Data           1  main.o(.data)
    lcd_status                               0x200000d5   Data           1  main.o(.data)
    REMAIN_ENABLE                            0x200000d6   Data           1  main.o(.data)
    B0CurrentCursorPosition                  0x200000d7   Data           1  main.o(.data)
    B1CurrentCursorPosition                  0x200000d8   Data           1  main.o(.data)
    B2CurrentCursorPosition                  0x200000d9   Data           1  main.o(.data)
    ScrollLong                               0x200000da   Data           1  main.o(.data)
    ScrollPosition                           0x200000db   Data           1  main.o(.data)
    TOTAL_TRACKS_IN_TAG_LIST                 0x200000dc   Data           1  main.o(.data)
    TCurrentCursorPosition                   0x200000dd   Data           1  main.o(.data)
    TCurrentTrackPosition                    0x200000de   Data           1  main.o(.data)
    s                                        0x200000df   Data           1  main.o(.data)
    BROWSER_INFO_enable                      0x200000e0   Data           1  main.o(.data)
    TAG_LIST_INFO_enable                     0x200000e1   Data           1  main.o(.data)
    TOTAL_U_POSITIONS                        0x200000e2   Data           1  main.o(.data)
    UCurrentCursorPosition                   0x200000e3   Data           1  main.o(.data)
    CurrentUPosition                         0x200000e4   Data           1  main.o(.data)
    countUTILITY                             0x200000e5   Data           1  main.o(.data)
    edit_parameter                           0x200000e6   Data           1  main.o(.data)
    need_rewrite_flash                       0x200000e7   Data           1  main.o(.data)
    animation_en                             0x200000e8   Data           1  main.o(.data)
    animation_finish                         0x200000e9   Data           1  main.o(.data)
    info_animation_enable                    0x200000ea   Data           1  main.o(.data)
    BROWSE_LEVEL                             0x200000eb   Data           1  main.o(.data)
    PREVIOUS_BROWSE_LEVEL                    0x200000ec   Data           1  main.o(.data)
    need_up                                  0x200000ed   Data           1  main.o(.data)
    need_down                                0x200000ee   Data           1  main.o(.data)
    LOAD_pressed                             0x200000ef   Data           1  main.o(.data)
    KEY_BROWSE_pressed                       0x200000f0   Data           1  main.o(.data)
    KEY_SD_pressed                           0x200000f1   Data           1  main.o(.data)
    KEY_TAG_LIST_pressed                     0x200000f2   Data           1  main.o(.data)
    KEY_BACK_pressed                         0x200000f3   Data           1  main.o(.data)
    KEY_MENU_pressed                         0x200000f4   Data           1  main.o(.data)
    KEY_TAG_TRACK_pressed                    0x200000f5   Data           1  main.o(.data)
    KEY_USB_pressed                          0x200000f6   Data           1  main.o(.data)
    KEY_MIDI_pressed                         0x200000f7   Data           1  main.o(.data)
    KEY_INFO_pressed                         0x200000f8   Data           1  main.o(.data)
    LED_SD_timer                             0x200000f9   Data           1  main.o(.data)
    timer_time                               0x200000fa   Data           1  main.o(.data)
    ENCODER_LED_BLINK                        0x200000fb   Data           1  main.o(.data)
    needle_enable                            0x200000fc   Data           1  main.o(.data)
    load_animation_enable                    0x200000fd   Data           1  main.o(.data)
    dma_cnt                                  0x200000fe   Data           1  main.o(.data)
    tempo_need_update                        0x200000ff   Data           1  main.o(.data)
    tempo_range                              0x20000100   Data           1  main.o(.data)
    tempo_range_need_update                  0x20000101   Data           1  main.o(.data)
    time_mode_need_update                    0x20000102   Data           1  main.o(.data)
    quantize_mode_need_update                0x20000103   Data           1  main.o(.data)
    track_need_load                          0x20000104   Data           1  main.o(.data)
    play_enable                              0x20000105   Data           1  main.o(.data)
    slip_play_enable                         0x20000106   Data           1  main.o(.data)
    inertial_rotation                        0x20000107   Data           1  main.o(.data)
    keep_to_play                             0x20000108   Data           1  main.o(.data)
    PLAY_BUTTON_pressed                      0x20000109   Data           1  main.o(.data)
    CUE_BUTTON_pressed                       0x2000010a   Data           1  main.o(.data)
    JOG_MODE_BUTTON_pressed                  0x2000010b   Data           1  main.o(.data)
    TEMPO_RESET_BUTTON_pressed               0x2000010c   Data           1  main.o(.data)
    TEMPO_RANGE_BUTTON_pressed               0x2000010d   Data           1  main.o(.data)
    TRACK_NEXT_BUTTON_pressed                0x2000010e   Data           1  main.o(.data)
    TRACK_PREVIOUS_BUTTON_pressed            0x2000010f   Data           1  main.o(.data)
    CALL_NEXT_BUTTON_pressed                 0x20000110   Data           1  main.o(.data)
    CALL_PREVIOUS_BUTTON_pressed             0x20000111   Data           1  main.o(.data)
    SEARCH_FF_BUTTON_pressed                 0x20000112   Data           1  main.o(.data)
    SEARCH_REW_BUTTON_pressed                0x20000113   Data           1  main.o(.data)
    TIME_MODE_BUTTON_pressed                 0x20000114   Data           1  main.o(.data)
    QUANTIZE_BUTTON_pressed                  0x20000115   Data           1  main.o(.data)
    SLIP_MODE_BUTTON_pressed                 0x20000116   Data           1  main.o(.data)
    REVERSE_SWITCH_pressed                   0x20000117   Data           1  main.o(.data)
    REALTIME_CUE_BUTTON_pressed              0x20000118   Data           1  main.o(.data)
    LOOP_OUT_BUTTON_pressed                  0x20000119   Data           1  main.o(.data)
    RELOOP_BUTTON_pressed                    0x2000011a   Data           1  main.o(.data)
    TIM_PLAY_LED                             0x2000011b   Data           1  main.o(.data)
    TIM_CUE_LED                              0x2000011c   Data           1  main.o(.data)
    RED_CIRCLE_CUE_ADR                       0x2000011d   Data           1  main.o(.data)
    TMPSLP                                   0x2000011e   Data           1  main.o(.data)
    REALTIME_CUE_LED_BLINK                   0x2000011f   Data           1  main.o(.data)
    TIM_REALTIME_CUE_LED                     0x20000120   Data           1  main.o(.data)
    LOOP_LEDS_BLINK                          0x20000121   Data           1  main.o(.data)
    JOG_PRESSED                              0x20000122   Data           1  main.o(.data)
    need_call_to_cue                         0x20000123   Data           1  main.o(.data)
    keep_slip                                0x20000124   Data           1  main.o(.data)
    CUE_OPERATION                            0x20000125   Data           1  main.o(.data)
    ftp                                      0x20000126   Data           1  main.o(.data)
    res                                      0x20000127   Data           1  main.o(.data)
    U                                        0x20000128   Data           1  main.o(.data)
    CURRENT_LAY                              0x20000129   Data           1  main.o(.data)
    PreviousPhase                            0x2000012a   Data           2  main.o(.data)
    bars                                     0x2000012c   Data           2  main.o(.data)
    previous_position_bar                    0x2000012e   Data           2  main.o(.data)
    start_adr_valid_data                     0x20000130   Data           2  main.o(.data)
    end_adr_valid_data                       0x20000132   Data           2  main.o(.data)
    acceleration_UP                          0x20000134   Data           2  main.o(.data)
    acceleration_DOWN                        0x20000136   Data           2  main.o(.data)
    pitch                                    0x20000138   Data           2  main.o(.data)
    pitch_for_slip                           0x2000013a   Data           2  main.o(.data)
    TOTAL_TRACKS                             0x2000013c   Data           2  main.o(.data)
    TOTAL_TRACKS_IN_CURRENT_PLAYLIST         0x2000013e   Data           2  main.o(.data)
    TRACK_PLAY_IN_CURRENT_PLAYLIST           0x20000140   Data           2  main.o(.data)
    track_play_now                           0x20000142   Data           2  main.o(.data)
    originalBPM                              0x20000144   Data           2  main.o(.data)
    BCurrentPlaylistPosition                 0x20000146   Data           2  main.o(.data)
    BCurrentTrackPosition                    0x20000148   Data           2  main.o(.data)
    animation_step                           0x2000014a   Data           2  main.o(.data)
    previous_animation_step                  0x2000014c   Data           2  main.o(.data)
    previous_needle_position                 0x20000150   Data           2  main.o(.data)
    zi                                       0x20000152   Data           2  main.o(.data)
    previous_potenciometer_tempo             0x20000154   Data           2  main.o(.data)
    potenciometer_tempo                      0x20000156   Data           2  main.o(.data)
    HCUE_type                                0x20000158   Data           3  main.o(.data)
    free_mem                                 0x20000160   Data           4  main.o(.data)
    used_mem                                 0x20000164   Data           4  main.o(.data)
    all_long                                 0x20000168   Data           4  main.o(.data)
    PreviousPositionDW                       0x2000016c   Data           4  main.o(.data)
    play_adr                                 0x20000170   Data           4  main.o(.data)
    slip_play_adr                            0x20000174   Data           4  main.o(.data)
    sdram_adr                                0x20000178   Data           4  main.o(.data)
    CUE_ADR                                  0x2000017c   Data           4  main.o(.data)
    position                                 0x20000180   Data           4  main.o(.data)
    slip_position                            0x20000184   Data           4  main.o(.data)
    LOOP_OUT                                 0x20000188   Data           4  main.o(.data)
    DEVICE_UID                               0x2000018c   Data           4  main.o(.data)
    animation_time                           0x20000190   Data           4  main.o(.data)
    encoder_tim                              0x20000194   Data           4  main.o(.data)
    nbytes                                   0x20000198   Data           4  main.o(.data)
    SAMPLE                                   0x2000019c   Data           4  main.o(.data)
    PCM_2                                    0x200001a0   Data           4  main.o(.data)
    c0                                       0x200001a4   Data           4  main.o(.data)
    c1                                       0x200001a8   Data           4  main.o(.data)
    c2                                       0x200001ac   Data           4  main.o(.data)
    c3                                       0x200001b0   Data           4  main.o(.data)
    r0                                       0x200001b4   Data           4  main.o(.data)
    r1                                       0x200001b8   Data           4  main.o(.data)
    r2                                       0x200001bc   Data           4  main.o(.data)
    r3                                       0x200001c0   Data           4  main.o(.data)
    even1                                    0x200001c4   Data           4  main.o(.data)
    even2                                    0x200001c8   Data           4  main.o(.data)
    odd1                                     0x200001cc   Data           4  main.o(.data)
    odd2                                     0x200001d0   Data           4  main.o(.data)
    SAMPLE_BUFFER                            0x200001d4   Data           4  main.o(.data)
    T                                        0x200001d8   Data           4  main.o(.data)
    DD                                       0x200001dc   Data           4  main.o(.data)
    pitch_center                             0x200001e0   Data           4  main.o(.data)
    previous_adc_pitch                       0x200001e4   Data           4  main.o(.data)
    previous_adc_DD                          0x200001e8   Data           4  main.o(.data)
    FIRMWARE_VERSION                         0x200001ec   Data           5  main.o(.data)
    JOG_BRIGHTNESS                           0x200001f1   Data           5  main.o(.data)
    HCUE_adr                                 0x200001f8   Data          24  main.o(.data)
    MEMORY_adr                               0x20000210   Data          80  main.o(.data)
    LOG_TABLE                                0x20000260   Data          16  main.o(.data)
    SDCARD_NAME                              0x20000290   Data          20  main.o(.data)
    SD_DATE                                  0x200002a4   Data          15  main.o(.data)
    path_export                              0x200002b3   Data          32  main.o(.data)
    BLUE_BAR                                 0x200002d4   Data         224  main.o(.data)
    RED_BAR                                  0x200003b4   Data         224  main.o(.data)
    UTILITY_SETTINGS_MAX                     0x20000494   Data          13  main.o(.data)
    UTILITY_BASE                             0x200004a1   Data         300  main.o(.data)
    Tbuffer                                  0x200005cd   Data          27  main.o(.data)
    retSD                                    0x200005e8   Data           1  fatfs.o(.data)
    SD_Path                                  0x200005e9   Data           4  fatfs.o(.data)
    wm8994_drv                               0x200005fc   Data          48  wm8994.o(.data)
    ft5336_handle                            0x20000636   Data           3  ft5336.o(.data)
    SystemCoreClock                          0x2000063c   Data           4  system_stm32f7xx.o(.data)
    __microlib_freelist                      0x2000064c   Data           4  mvars.o(.data)
    __microlib_freelist_initialised          0x20000650   Data           4  mvars.o(.data)
    QSPIHandle                               0x20000990   Data          76  stm32746g_discovery_qspi.o(.bss)
    pFlash                                   0x200009dc   Data          28  stm32f7xx_hal_flash.o(.bss)
    MEMORY_type                              0x200009f8   Data          10  main.o(.bss)
    Buf                                      0x20000a02   Data          64  main.o(.bss)
    TAG_LIST_BASE                            0x20000a42   Data         202  main.o(.bss)
    Rbuffer                                  0x20000b0c   Data          27  main.o(.bss)
    file                                     0x20000b28   Data        4140  main.o(.bss)
    FAT                                      0x20001b54   Data        4144  main.o(.bss)
    WFORMDYNAMIC                             0x20002b84   Data       135000  main.o(.bss)
    BEATGRID                                 0x20023adc   Data       16384  main.o(.bss)
    BPMGRID                                  0x20027adc   Data        8192  main.o(.bss)
    WFORMSTATIC                              0x20029adc   Data         400  main.o(.bss)
    LR                                       0x20029c6c   Data          16  main.o(.bss)
    KEYS                                     0x20029c7c   Data         100  main.o(.bss)
    TRACKS_DATABASE                          0x20029ce0   Data        2048  main.o(.bss)
    TRACKLIST_NAME                           0x2002a4e0   Data         420  main.o(.bss)
    TRACKLIST_OFFSET                         0x2002a684   Data          40  main.o(.bss)
    UTILITY_SETTINGS                         0x2002a6ac   Data          13  main.o(.bss)
    hsd1                                     0x2002a6e8   Data         132  sdmmc.o(.bss)
    hdma2d                                   0x2002a76c   Data          64  dma2d.o(.bss)
    hltdc                                    0x2002a7ac   Data         168  ltdc.o(.bss)
    hsdram1                                  0x2002a854   Data          52  fmc.o(.bss)
    hi2c3                                    0x2002a888   Data          76  i2c.o(.bss)
    hsai_BlockA2                             0x2002a8d4   Data         132  sai.o(.bss)
    hdma_memtomem_dma2_stream1               0x2002a958   Data          96  dma.o(.bss)
    htim1                                    0x2002a9b8   Data          64  tim.o(.bss)
    htim12                                   0x2002a9f8   Data          64  tim.o(.bss)
    htim14                                   0x2002aa38   Data          64  tim.o(.bss)
    hqspi                                    0x2002aaa0   Data          76  quadspi.o(.bss)
    hspi1                                    0x2002aaec   Data         100  spi.o(.bss)
    hdma_spi1_rx                             0x2002ab50   Data          96  spi.o(.bss)
    hdma_spi1_tx                             0x2002abb0   Data          96  spi.o(.bss)
    disk                                     0x2002ae28   Data          12  ff_gen_drv.o(.bss)
    __heap_base                              0x2002ae38   Data           0  startup_stm32f746xx.o(HEAP)
    __heap_limit                             0x2002af38   Data           0  startup_stm32f746xx.o(HEAP)
    __initial_sp                             0x2002b138   Data           0  startup_stm32f746xx.o(STACK)
    LAYER                                    0x90000000   Data       10306  main.o(.qspi_data)
    REKBX                                    0x90002842   Data       33792  main.o(.qspi_data)
    disc                                     0x9000ac42   Data       23763  main.o(.qspi_data)
    strelka                                  0x90010915   Data         912  main.o(.qspi_data)
    ANIMATION                                0x90010ca5   Data       4492800  main.o(.qspi_data)
    PCM                                      0xc0000000   Data       6750208  main.o(.sdram)
    playlist                                 0xc0670000   Data       28160  main.o(.sdram)
    parcser_adress                           0xc0676e00   Data        2048  main.o(.sdram)
    original_tempo                           0xc0677600   Data        1024  main.o(.sdram)
    rating                                   0xc0677a00   Data        1024  main.o(.sdram)
    duration                                 0xc0677e00   Data        1024  main.o(.sdram)
    key_id                                   0xc0678200   Data         512  main.o(.sdram)



==============================================================================

Memory Map of the image

  Image Entry point : 0x080001c9

  Load Region LR_IROM1 (Base: 0x08000000, Size: 0x006953fc, Max: 0x00100000, ABSOLUTE, COMPRESSED[0x00029d70])

    Execution Region ER_IROM1 (Exec base: 0x08000000, Load base: 0x08000000, Size: 0x0001c9a8, Max: 0x00100000, ABSOLUTE)

    Exec Addr    Load Addr    Size         Type   Attr      Idx    E Section Name        Object

    0x08000000   0x08000000   0x000001c8   Data   RO            3    RESET               startup_stm32f746xx.o
    0x080001c8   0x080001c8   0x00000000   Code   RO         7549  * .ARM.Collect$$$$00000000  mc_w.l(entry.o)
    0x080001c8   0x080001c8   0x00000004   Code   RO         7841    .ARM.Collect$$$$00000001  mc_w.l(entry2.o)
    0x080001cc   0x080001cc   0x00000004   Code   RO         7844    .ARM.Collect$$$$00000004  mc_w.l(entry5.o)
    0x080001d0   0x080001d0   0x00000000   Code   RO         7846    .ARM.Collect$$$$00000008  mc_w.l(entry7b.o)
    0x080001d0   0x080001d0   0x00000000   Code   RO         7848    .ARM.Collect$$$$0000000A  mc_w.l(entry8b.o)
    0x080001d0   0x080001d0   0x00000008   Code   RO         7849    .ARM.Collect$$$$0000000B  mc_w.l(entry9a.o)
    0x080001d8   0x080001d8   0x00000000   Code   RO         7851    .ARM.Collect$$$$0000000D  mc_w.l(entry10a.o)
    0x080001d8   0x080001d8   0x00000000   Code   RO         7853    .ARM.Collect$$$$0000000F  mc_w.l(entry11a.o)
    0x080001d8   0x080001d8   0x00000004   Code   RO         7842    .ARM.Collect$$$$00002712  mc_w.l(entry2.o)
    0x080001dc   0x080001dc   0x00000024   Code   RO            4    .text               startup_stm32f746xx.o
    0x08000200   0x08000200   0x00000062   Code   RO         7860    .text               mc_w.l(uldiv.o)
    0x08000262   0x08000262   0x00000002   PAD
    0x08000264   0x08000264   0x00000024   Code   RO         7879    .text               mc_w.l(init.o)
    0x08000288   0x08000288   0x0000001e   Code   RO         7882    .text               mc_w.l(llshl.o)
    0x080002a6   0x080002a6   0x00000020   Code   RO         7884    .text               mc_w.l(llushr.o)
    0x080002c6   0x080002c6   0x00000056   Code   RO         7899    .text               mc_w.l(__dczerorl2.o)
    0x0800031c   0x0800031c   0x00000002   Code   RO           13    i.AUDIO_IO_DeInit   stm32746g_discovery.o
    0x0800031e   0x0800031e   0x00000004   Code   RO           14    i.AUDIO_IO_Delay    stm32746g_discovery.o
    0x08000322   0x08000322   0x00000002   PAD
    0x08000324   0x08000324   0x0000000c   Code   RO           15    i.AUDIO_IO_Init     stm32746g_discovery.o
    0x08000330   0x08000330   0x00000038   Code   RO           16    i.AUDIO_IO_Read     stm32746g_discovery.o
    0x08000368   0x08000368   0x00000034   Code   RO           17    i.AUDIO_IO_Write    stm32746g_discovery.o
    0x0800039c   0x0800039c   0x00000040   Code   RO          341    i.BSP_LCD_Clear     stm32746g_discovery_lcd.o
    0x080003dc   0x080003dc   0x0000001c   Code   RO          343    i.BSP_LCD_ClockConfig  stm32746g_discovery_lcd.o
    0x080003f8   0x080003f8   0x00000038   Code   RO          345    i.BSP_LCD_DisplayChar  stm32746g_discovery_lcd.o
    0x08000430   0x08000430   0x00000034   Code   RO          347    i.BSP_LCD_DisplayOn  stm32746g_discovery_lcd.o
    0x08000464   0x08000464   0x00000114   Code   RO          348    i.BSP_LCD_DisplayStringAt  stm32746g_discovery_lcd.o
    0x08000578   0x08000578   0x00000050   Code   RO          353    i.BSP_LCD_DrawHLine  stm32746g_discovery_lcd.o
    0x080005c8   0x080005c8   0x000000d8   Code   RO          354    i.BSP_LCD_DrawLine  stm32746g_discovery_lcd.o
    0x080006a0   0x080006a0   0x0000002c   Code   RO          355    i.BSP_LCD_DrawPixel  stm32746g_discovery_lcd.o
    0x080006cc   0x080006cc   0x00000040   Code   RO          357    i.BSP_LCD_DrawRect  stm32746g_discovery_lcd.o
    0x0800070c   0x0800070c   0x00000090   Code   RO          358    i.BSP_LCD_DrawVLine  stm32746g_discovery_lcd.o
    0x0800079c   0x0800079c   0x000000a0   Code   RO          362    i.BSP_LCD_FillRect  stm32746g_discovery_lcd.o
    0x0800083c   0x0800083c   0x00000020   Code   RO          366    i.BSP_LCD_GetXSize  stm32746g_discovery_lcd.o
    0x0800085c   0x0800085c   0x00000020   Code   RO          367    i.BSP_LCD_GetYSize  stm32746g_discovery_lcd.o
    0x0800087c   0x0800087c   0x00000098   Code   RO          368    i.BSP_LCD_Init      stm32746g_discovery_lcd.o
    0x08000914   0x08000914   0x0000007c   Code   RO          369    i.BSP_LCD_LayerDefaultInit  stm32746g_discovery_lcd.o
    0x08000990   0x08000990   0x00000138   Code   RO          372    i.BSP_LCD_MspInit   stm32746g_discovery_lcd.o
    0x08000ac8   0x08000ac8   0x0000000c   Code   RO          375    i.BSP_LCD_SelectLayer  stm32746g_discovery_lcd.o
    0x08000ad4   0x08000ad4   0x0000001c   Code   RO          376    i.BSP_LCD_SetBackColor  stm32746g_discovery_lcd.o
    0x08000af0   0x08000af0   0x0000001c   Code   RO          378    i.BSP_LCD_SetFont   stm32746g_discovery_lcd.o
    0x08000b0c   0x08000b0c   0x00000018   Code   RO          382    i.BSP_LCD_SetTextColor  stm32746g_discovery_lcd.o
    0x08000b24   0x08000b24   0x0000000c   Code   RO          383    i.BSP_LCD_SetTransparency  stm32746g_discovery_lcd.o
    0x08000b30   0x08000b30   0x00000054   Code   RO          801    i.BSP_QSPI_EnableMemoryMappedMode  stm32746g_discovery_qspi.o
    0x08000b84   0x08000b84   0x00000074   Code   RO          806    i.BSP_QSPI_Init     stm32746g_discovery_qspi.o
    0x08000bf8   0x08000bf8   0x00000120   Code   RO          808    i.BSP_QSPI_MspInit  stm32746g_discovery_qspi.o
    0x08000d18   0x08000d18   0x00000080   Code   RO          715    i.BSP_SDRAM_Init    stm32746g_discovery_sdram.o
    0x08000d98   0x08000d98   0x00000090   Code   RO          716    i.BSP_SDRAM_Initialization_sequence  stm32746g_discovery_sdram.o
    0x08000e28   0x08000e28   0x00000164   Code   RO          718    i.BSP_SDRAM_MspInit  stm32746g_discovery_sdram.o
    0x08000f8c   0x08000f8c   0x0000000c   Code   RO         6193    i.BSP_SD_GetCardInfo  bsp_driver_sd.o
    0x08000f98   0x08000f98   0x00000018   Code   RO         6194    i.BSP_SD_GetCardState  bsp_driver_sd.o
    0x08000fb0   0x08000fb0   0x00000030   Code   RO         6196    i.BSP_SD_Init       bsp_driver_sd.o
    0x08000fe0   0x08000fe0   0x0000000e   Code   RO         6197    i.BSP_SD_IsDetected  bsp_driver_sd.o
    0x08000fee   0x08000fee   0x00000002   PAD
    0x08000ff0   0x08000ff0   0x00000020   Code   RO         6198    i.BSP_SD_ReadBlocks  bsp_driver_sd.o
    0x08001010   0x08001010   0x00000020   Code   RO         6200    i.BSP_SD_WriteBlocks  bsp_driver_sd.o
    0x08001030   0x08001030   0x00000060   Code   RO         5623    i.CALL_CUE          main.o
    0x08001090   0x08001090   0x0000000a   Code   RO         6592    i.CODEC_IO_Write    wm8994.o
    0x0800109a   0x0800109a   0x00000002   PAD
    0x0800109c   0x0800109c   0x00000024   Code   RO         5624    i.CheckRXCRC        main.o
    0x080010c0   0x080010c0   0x0000001c   Code   RO         5625    i.CheckTXCRC        main.o
    0x080010dc   0x080010dc   0x00000054   Code   RO         5626    i.DAC_Init_and_Start  main.o
    0x08001130   0x08001130   0x00000af8   Code   RO         5627    i.DATABASE_PARSER   main.o
    0x08001c28   0x08001c28   0x000000c0   Code   RO         2812    i.DMA2D_SetConfig   stm32f7xx_hal_dma2d.o
    0x08001ce8   0x08001ce8   0x0000000c   Code   RO         5565    i.DMA2_Stream0_IRQHandler  stm32f7xx_it.o
    0x08001cf4   0x08001cf4   0x000010c8   Code   RO         5628    i.DMA2_Stream5_IRQHandler  main.o
    0x08002dbc   0x08002dbc   0x00000034   Code   RO         3454    i.DMA_CalcBaseAndBitshift  stm32f7xx_hal_dma.o
    0x08002df0   0x08002df0   0x0000007e   Code   RO         3455    i.DMA_CheckFifoParam  stm32f7xx_hal_dma.o
    0x08002e6e   0x08002e6e   0x0000003e   Code   RO         3456    i.DMA_SetConfig     stm32f7xx_hal_dma.o
    0x08002eac   0x08002eac   0x000000dc   Code   RO          386    i.DrawChar          stm32746g_discovery_lcd.o
    0x08002f88   0x08002f88   0x00000054   Code   RO         5629    i.DrawCueMarker     main.o
    0x08002fdc   0x08002fdc   0x000001bc   Code   RO         5630    i.DrawLOGO          main.o
    0x08003198   0x08003198   0x00000144   Code   RO         5631    i.DrawMemoryCuePyramid  main.o
    0x080032dc   0x080032dc   0x000000b4   Code   RO         5632    i.DrawMemoryMarker  main.o
    0x08003390   0x08003390   0x0000004c   Code   RO         5633    i.DrawMinuteMarkers  main.o
    0x080033dc   0x080033dc   0x00000078   Code   RO         5634    i.DrawREKORDBOX     main.o
    0x08003454   0x08003454   0x000001b8   Code   RO         5635    i.DrawStaticInformation  main.o
    0x0800360c   0x0800360c   0x00000728   Code   RO         5636    i.DrawStaticWFM     main.o
    0x08003d34   0x08003d34   0x0000015c   Code   RO         5637    i.DrawTempoRange    main.o
    0x08003e90   0x08003e90   0x00000078   Code   RO         5638    i.DrawZOOMGRID      main.o
    0x08003f08   0x08003f08   0x00000048   Code   RO         5639    i.EXTI15_10_IRQHandler  main.o
    0x08003f50   0x08003f50   0x00000002   Code   RO         6775    i.Error             ft5336.o
    0x08003f52   0x08003f52   0x00000006   Code   RO         7443    i.FATFS_LinkDriver  ff_gen_drv.o
    0x08003f58   0x08003f58   0x0000004c   Code   RO         7444    i.FATFS_LinkDriverEx  ff_gen_drv.o
    0x08003fa4   0x08003fa4   0x00000060   Code   RO         3129    i.FLASH_Erase_Sector  stm32f7xx_hal_flash_ex.o
    0x08004004   0x08004004   0x00000024   Code   RO         1655    i.FLASH_Program_Byte  stm32f7xx_hal_flash.o
    0x08004028   0x08004028   0x00000034   Code   RO         1656    i.FLASH_Program_DoubleWord  stm32f7xx_hal_flash.o
    0x0800405c   0x0800405c   0x00000028   Code   RO         1657    i.FLASH_Program_HalfWord  stm32f7xx_hal_flash.o
    0x08004084   0x08004084   0x00000028   Code   RO         1658    i.FLASH_Program_Word  stm32f7xx_hal_flash.o
    0x080040ac   0x080040ac   0x00000064   Code   RO         1659    i.FLASH_SetErrorCode  stm32f7xx_hal_flash.o
    0x08004110   0x08004110   0x00000060   Code   RO         1660    i.FLASH_WaitForLastOperation  stm32f7xx_hal_flash.o
    0x08004170   0x08004170   0x00000062   Code   RO         3319    i.FMC_SDRAM_Init    stm32f7xx_ll_fmc.o
    0x080041d2   0x080041d2   0x0000000c   Code   RO         3320    i.FMC_SDRAM_ProgramRefreshRate  stm32f7xx_ll_fmc.o
    0x080041de   0x080041de   0x00000050   Code   RO         3321    i.FMC_SDRAM_SendCommand  stm32f7xx_ll_fmc.o
    0x0800422e   0x0800422e   0x00000086   Code   RO         3323    i.FMC_SDRAM_Timing_Init  stm32f7xx_ll_fmc.o
    0x080042b4   0x080042b4   0x000000c8   Code   RO          387    i.FillTriangle      stm32746g_discovery_lcd.o
    0x0800437c   0x0800437c   0x00000084   Code   RO          388    i.ForceDrawVLine    stm32746g_discovery_lcd.o
    0x08004400   0x08004400   0x00000068   Code   RO         5640    i.GET_SD_INFO       main.o
    0x08004468   0x08004468   0x000000d0   Code   RO         2824    i.HAL_DMA2D_ConfigLayer  stm32f7xx_hal_dma2d.o
    0x08004538   0x08004538   0x0000005c   Code   RO         2832    i.HAL_DMA2D_Init    stm32f7xx_hal_dma2d.o
    0x08004594   0x08004594   0x00000028   Code   RO         6350    i.HAL_DMA2D_MspInit  dma2d.o
    0x080045bc   0x080045bc   0x0000015e   Code   RO         2836    i.HAL_DMA2D_PollForTransfer  stm32f7xx_hal_dma2d.o
    0x0800471a   0x0800471a   0x0000003a   Code   RO         2839    i.HAL_DMA2D_Start   stm32f7xx_hal_dma2d.o
    0x08004754   0x08004754   0x000000a2   Code   RO         3457    i.HAL_DMA_Abort     stm32f7xx_hal_dma.o
    0x080047f6   0x080047f6   0x00000024   Code   RO         3458    i.HAL_DMA_Abort_IT  stm32f7xx_hal_dma.o
    0x0800481a   0x0800481a   0x0000005e   Code   RO         3459    i.HAL_DMA_DeInit    stm32f7xx_hal_dma.o
    0x08004878   0x08004878   0x000001f4   Code   RO         3462    i.HAL_DMA_IRQHandler  stm32f7xx_hal_dma.o
    0x08004a6c   0x08004a6c   0x000000ec   Code   RO         3463    i.HAL_DMA_Init      stm32f7xx_hal_dma.o
    0x08004b58   0x08004b58   0x0000007a   Code   RO         3467    i.HAL_DMA_Start_IT  stm32f7xx_hal_dma.o
    0x08004bd2   0x08004bd2   0x00000016   Code   RO         3603    i.HAL_Delay         stm32f7xx_hal.o
    0x08004be8   0x08004be8   0x00000014   Code   RO         1664    i.HAL_FLASH_Lock    stm32f7xx_hal_flash.o
    0x08004bfc   0x08004bfc   0x00000084   Code   RO         1669    i.HAL_FLASH_Program  stm32f7xx_hal_flash.o
    0x08004c80   0x08004c80   0x0000002c   Code   RO         1671    i.HAL_FLASH_Unlock  stm32f7xx_hal_flash.o
    0x08004cac   0x08004cac   0x000000d0   Code   RO         6434    i.HAL_FMC_MspInit   fmc.o
    0x08004d7c   0x08004d7c   0x00000188   Code   RO         3238    i.HAL_GPIO_DeInit   stm32f7xx_hal_gpio.o
    0x08004f04   0x08004f04   0x00000002   Code   RO         3239    i.HAL_GPIO_EXTI_Callback  stm32f7xx_hal_gpio.o
    0x08004f06   0x08004f06   0x00000002   PAD
    0x08004f08   0x08004f08   0x00000018   Code   RO         3240    i.HAL_GPIO_EXTI_IRQHandler  stm32f7xx_hal_gpio.o
    0x08004f20   0x08004f20   0x00000240   Code   RO         3241    i.HAL_GPIO_Init     stm32f7xx_hal_gpio.o
    0x08005160   0x08005160   0x0000000e   Code   RO         3243    i.HAL_GPIO_ReadPin  stm32f7xx_hal_gpio.o
    0x0800516e   0x0800516e   0x0000000e   Code   RO         3245    i.HAL_GPIO_WritePin  stm32f7xx_hal_gpio.o
    0x0800517c   0x0800517c   0x0000000c   Code   RO         3611    i.HAL_GetTick       stm32f7xx_hal.o
    0x08005188   0x08005188   0x0000005a   Code   RO         1869    i.HAL_I2CEx_ConfigAnalogFilter  stm32f7xx_hal_i2c_ex.o
    0x080051e2   0x080051e2   0x00000056   Code   RO         1870    i.HAL_I2CEx_ConfigDigitalFilter  stm32f7xx_hal_i2c_ex.o
    0x08005238   0x08005238   0x00000036   Code   RO          956    i.HAL_I2C_DeInit    stm32f7xx_hal_i2c.o
    0x0800526e   0x0800526e   0x00000006   Code   RO          964    i.HAL_I2C_GetState  stm32f7xx_hal_i2c.o
    0x08005274   0x08005274   0x000000be   Code   RO          965    i.HAL_I2C_Init      stm32f7xx_hal_i2c.o
    0x08005332   0x08005332   0x00000002   PAD
    0x08005334   0x08005334   0x000001c4   Code   RO          981    i.HAL_I2C_Mem_Read  stm32f7xx_hal_i2c.o
    0x080054f8   0x080054f8   0x000001cc   Code   RO          984    i.HAL_I2C_Mem_Write  stm32f7xx_hal_i2c.o
    0x080056c4   0x080056c4   0x0000002c   Code   RO         6486    i.HAL_I2C_MspDeInit  i2c.o
    0x080056f0   0x080056f0   0x00000050   Code   RO         6487    i.HAL_I2C_MspInit   i2c.o
    0x08005740   0x08005740   0x00000010   Code   RO         3612    i.HAL_IncTick       stm32f7xx_hal.o
    0x08005750   0x08005750   0x00000016   Code   RO         3613    i.HAL_Init          stm32f7xx_hal.o
    0x08005766   0x08005766   0x00000002   PAD
    0x08005768   0x08005768   0x00000028   Code   RO         3614    i.HAL_InitTick      stm32f7xx_hal.o
    0x08005790   0x08005790   0x0000007c   Code   RO         3914    i.HAL_LTDC_ConfigLayer  stm32f7xx_hal_ltdc.o
    0x0800580c   0x0800580c   0x00000006   Code   RO         3929    i.HAL_LTDC_GetState  stm32f7xx_hal_ltdc.o
    0x08005812   0x08005812   0x00000002   PAD
    0x08005814   0x08005814   0x0000010c   Code   RO         3931    i.HAL_LTDC_Init     stm32f7xx_hal_ltdc.o
    0x08005920   0x08005920   0x000000b0   Code   RO         6392    i.HAL_LTDC_MspInit  ltdc.o
    0x080059d0   0x080059d0   0x00000044   Code   RO         3940    i.HAL_LTDC_SetAlpha  stm32f7xx_hal_ltdc.o
    0x08005a14   0x08005a14   0x00000058   Code   RO         5599    i.HAL_MspInit       stm32f7xx_hal_msp.o
    0x08005a6c   0x08005a6c   0x00000018   Code   RO         2687    i.HAL_NVIC_EnableIRQ  stm32f7xx_hal_cortex.o
    0x08005a84   0x08005a84   0x0000006c   Code   RO         2693    i.HAL_NVIC_SetPriority  stm32f7xx_hal_cortex.o
    0x08005af0   0x08005af0   0x00000024   Code   RO         2694    i.HAL_NVIC_SetPriorityGrouping  stm32f7xx_hal_cortex.o
    0x08005b14   0x08005b14   0x00000080   Code   RO         1783    i.HAL_PWREx_EnableOverDrive  stm32f7xx_hal_pwr_ex.o
    0x08005b94   0x08005b94   0x00000080   Code   RO         4982    i.HAL_QSPI_Abort    stm32f7xx_hal_qspi.o
    0x08005c14   0x08005c14   0x000000ac   Code   RO         4985    i.HAL_QSPI_AutoPolling  stm32f7xx_hal_qspi.o
    0x08005cc0   0x08005cc0   0x00000092   Code   RO         4988    i.HAL_QSPI_Command  stm32f7xx_hal_qspi.o
    0x08005d52   0x08005d52   0x0000003c   Code   RO         4990    i.HAL_QSPI_DeInit   stm32f7xx_hal_qspi.o
    0x08005d8e   0x08005d8e   0x00000002   PAD
    0x08005d90   0x08005d90   0x000000c0   Code   RO         4997    i.HAL_QSPI_Init     stm32f7xx_hal_qspi.o
    0x08005e50   0x08005e50   0x00000092   Code   RO         4998    i.HAL_QSPI_MemoryMapped  stm32f7xx_hal_qspi.o
    0x08005ee2   0x08005ee2   0x00000002   PAD
    0x08005ee4   0x08005ee4   0x00000048   Code   RO         6864    i.HAL_QSPI_MspDeInit  quadspi.o
    0x08005f2c   0x08005f2c   0x000000a0   Code   RO         6865    i.HAL_QSPI_MspInit  quadspi.o
    0x08005fcc   0x08005fcc   0x000000da   Code   RO         5001    i.HAL_QSPI_Receive  stm32f7xx_hal_qspi.o
    0x080060a6   0x080060a6   0x00000004   Code   RO         5007    i.HAL_QSPI_SetTimeout  stm32f7xx_hal_qspi.o
    0x080060aa   0x080060aa   0x000000d0   Code   RO         5010    i.HAL_QSPI_Transmit  stm32f7xx_hal_qspi.o
    0x0800617a   0x0800617a   0x00000002   PAD
    0x0800617c   0x0800617c   0x00000180   Code   RO         2002    i.HAL_RCCEx_GetPeriphCLKFreq  stm32f7xx_hal_rcc_ex.o
    0x080062fc   0x080062fc   0x0000071c   Code   RO         2003    i.HAL_RCCEx_PeriphCLKConfig  stm32f7xx_hal_rcc_ex.o
    0x08006a18   0x08006a18   0x000001b0   Code   RO         1900    i.HAL_RCC_ClockConfig  stm32f7xx_hal_rcc.o
    0x08006bc8   0x08006bc8   0x0000000c   Code   RO         1905    i.HAL_RCC_GetHCLKFreq  stm32f7xx_hal_rcc.o
    0x08006bd4   0x08006bd4   0x00000098   Code   RO         1909    i.HAL_RCC_GetSysClockFreq  stm32f7xx_hal_rcc.o
    0x08006c6c   0x08006c6c   0x000004bc   Code   RO         1912    i.HAL_RCC_OscConfig  stm32f7xx_hal_rcc.o
    0x08007128   0x08007128   0x0000006c   Code   RO         4717    i.HAL_SAI_Abort     stm32f7xx_hal_sai.o
    0x08007194   0x08007194   0x00000002   Code   RO         4726    i.HAL_SAI_ErrorCallback  stm32f7xx_hal_sai.o
    0x08007196   0x08007196   0x00000002   PAD
    0x08007198   0x08007198   0x0000019c   Code   RO         4729    i.HAL_SAI_IRQHandler  stm32f7xx_hal_sai.o
    0x08007334   0x08007334   0x000001e8   Code   RO         4730    i.HAL_SAI_Init      stm32f7xx_hal_sai.o
    0x0800751c   0x0800751c   0x00000080   Code   RO         6529    i.HAL_SAI_MspInit   sai.o
    0x0800759c   0x0800759c   0x0000012c   Code   RO         4739    i.HAL_SAI_Transmit  stm32f7xx_hal_sai.o
    0x080076c8   0x080076c8   0x000000a0   Code   RO         4741    i.HAL_SAI_Transmit_IT  stm32f7xx_hal_sai.o
    0x08007768   0x08007768   0x00000002   Code   RO         4742    i.HAL_SAI_TxCpltCallback  stm32f7xx_hal_sai.o
    0x0800776a   0x0800776a   0x00000044   Code   RO         3761    i.HAL_SDRAM_Init    stm32f7xx_hal_sdram.o
    0x080077ae   0x080077ae   0x00000004   Code   RO         6436    i.HAL_SDRAM_MspInit  fmc.o
    0x080077b2   0x080077b2   0x00000026   Code   RO         3764    i.HAL_SDRAM_ProgramRefreshRate  stm32f7xx_hal_sdram.o
    0x080077d8   0x080077d8   0x00000038   Code   RO         3770    i.HAL_SDRAM_SendCommand  stm32f7xx_hal_sdram.o
    0x08007810   0x08007810   0x000000aa   Code   RO         4171    i.HAL_SD_ConfigWideBusOperation  stm32f7xx_hal_sd.o
    0x080078ba   0x080078ba   0x000001fe   Code   RO         4176    i.HAL_SD_GetCardCSD  stm32f7xx_hal_sd.o
    0x08007ab8   0x08007ab8   0x00000024   Code   RO         4177    i.HAL_SD_GetCardInfo  stm32f7xx_hal_sd.o
    0x08007adc   0x08007adc   0x00000020   Code   RO         4178    i.HAL_SD_GetCardState  stm32f7xx_hal_sd.o
    0x08007afc   0x08007afc   0x00000038   Code   RO         4183    i.HAL_SD_Init       stm32f7xx_hal_sd.o
    0x08007b34   0x08007b34   0x0000007e   Code   RO         4184    i.HAL_SD_InitCard   stm32f7xx_hal_sd.o
    0x08007bb2   0x08007bb2   0x00000002   PAD
    0x08007bb4   0x08007bb4   0x00000064   Code   RO         6308    i.HAL_SD_MspInit    sdmmc.o
    0x08007c18   0x08007c18   0x00000246   Code   RO         4187    i.HAL_SD_ReadBlocks  stm32f7xx_hal_sd.o
    0x08007e5e   0x08007e5e   0x00000204   Code   RO         4192    i.HAL_SD_WriteBlocks  stm32f7xx_hal_sd.o
    0x08008062   0x08008062   0x00000002   Code   RO         5245    i.HAL_SPI_ErrorCallback  stm32f7xx_hal_spi.o
    0x08008064   0x08008064   0x000000c4   Code   RO         5249    i.HAL_SPI_Init      stm32f7xx_hal_spi.o
    0x08008128   0x08008128   0x00000104   Code   RO         6907    i.HAL_SPI_MspInit   spi.o
    0x0800822c   0x0800822c   0x00000002   Code   RO         5255    i.HAL_SPI_RxCpltCallback  stm32f7xx_hal_spi.o
    0x0800822e   0x0800822e   0x00000002   Code   RO         5256    i.HAL_SPI_RxHalfCpltCallback  stm32f7xx_hal_spi.o
    0x08008230   0x08008230   0x000001c8   Code   RO         5259    i.HAL_SPI_TransmitReceive_DMA  stm32f7xx_hal_spi.o
    0x080083f8   0x080083f8   0x00000002   Code   RO         5265    i.HAL_SPI_TxRxCpltCallback  stm32f7xx_hal_spi.o
    0x080083fa   0x080083fa   0x00000002   Code   RO         5266    i.HAL_SPI_TxRxHalfCpltCallback  stm32f7xx_hal_spi.o
    0x080083fc   0x080083fc   0x0000001c   Code   RO         2696    i.HAL_SYSTICK_CLKSourceConfig  stm32f7xx_hal_cortex.o
    0x08008418   0x08008418   0x00000002   Code   RO         2697    i.HAL_SYSTICK_Callback  stm32f7xx_hal_cortex.o
    0x0800841a   0x0800841a   0x00000002   PAD
    0x0800841c   0x0800841c   0x00000028   Code   RO         2698    i.HAL_SYSTICK_Config  stm32f7xx_hal_cortex.o
    0x08008444   0x08008444   0x00000008   Code   RO         2699    i.HAL_SYSTICK_IRQHandler  stm32f7xx_hal_cortex.o
    0x0800844c   0x0800844c   0x00000002   Code   RO         1382    i.HAL_TIMEx_BreakCallback  stm32f7xx_hal_tim_ex.o
    0x0800844e   0x0800844e   0x00000002   Code   RO         1383    i.HAL_TIMEx_CommutationCallback  stm32f7xx_hal_tim_ex.o
    0x08008450   0x08008450   0x00000064   Code   RO         1400    i.HAL_TIMEx_MasterConfigSynchronization  stm32f7xx_hal_tim_ex.o
    0x080084b4   0x080084b4   0x00000038   Code   RO         2039    i.HAL_TIM_Base_Init  stm32f7xx_hal_tim.o
    0x080084ec   0x080084ec   0x00000078   Code   RO         6716    i.HAL_TIM_Base_MspInit  tim.o
    0x08008564   0x08008564   0x00000018   Code   RO         2044    i.HAL_TIM_Base_Start_IT  stm32f7xx_hal_tim.o
    0x0800857c   0x0800857c   0x0000011c   Code   RO         2048    i.HAL_TIM_ConfigClockSource  stm32f7xx_hal_tim.o
    0x08008698   0x08008698   0x00000002   Code   RO         2068    i.HAL_TIM_IC_CaptureCallback  stm32f7xx_hal_tim.o
    0x0800869a   0x0800869a   0x0000018e   Code   RO         2081    i.HAL_TIM_IRQHandler  stm32f7xx_hal_tim.o
    0x08008828   0x08008828   0x00000060   Code   RO         6717    i.HAL_TIM_MspPostInit  tim.o
    0x08008888   0x08008888   0x00000002   Code   RO         2084    i.HAL_TIM_OC_DelayElapsedCallback  stm32f7xx_hal_tim.o
    0x0800888a   0x0800888a   0x0000013a   Code   RO         1420    i.HAL_TIM_PWM_ConfigChannel  stm32f7xx_hal_tim_ex.o
    0x080089c4   0x080089c4   0x00000038   Code   RO         2108    i.HAL_TIM_PWM_Init  stm32f7xx_hal_tim.o
    0x080089fc   0x080089fc   0x00000002   Code   RO         2110    i.HAL_TIM_PWM_MspInit  stm32f7xx_hal_tim.o
    0x080089fe   0x080089fe   0x00000002   Code   RO         2111    i.HAL_TIM_PWM_PulseFinishedCallback  stm32f7xx_hal_tim.o
    0x08008a00   0x08008a00   0x00000038   Code   RO         2112    i.HAL_TIM_PWM_Start  stm32f7xx_hal_tim.o
    0x08008a38   0x08008a38   0x00000002   Code   RO         2118    i.HAL_TIM_PeriodElapsedCallback  stm32f7xx_hal_tim.o
    0x08008a3a   0x08008a3a   0x00000002   Code   RO         2122    i.HAL_TIM_TriggerCallback  stm32f7xx_hal_tim.o
    0x08008a3c   0x08008a3c   0x00000022   Code   RO         1007    i.I2C_Flush_TXDR    stm32f7xx_hal_i2c.o
    0x08008a5e   0x08008a5e   0x00000002   PAD
    0x08008a60   0x08008a60   0x00000090   Code   RO         1015    i.I2C_IsAcknowledgeFailed  stm32f7xx_hal_i2c.o
    0x08008af0   0x08008af0   0x00000092   Code   RO         1018    i.I2C_RequestMemoryRead  stm32f7xx_hal_i2c.o
    0x08008b82   0x08008b82   0x00000092   Code   RO         1019    i.I2C_RequestMemoryWrite  stm32f7xx_hal_i2c.o
    0x08008c14   0x08008c14   0x0000002c   Code   RO         1022    i.I2C_TransferConfig  stm32f7xx_hal_i2c.o
    0x08008c40   0x08008c40   0x00000064   Code   RO         1023    i.I2C_WaitOnFlagUntilTimeout  stm32f7xx_hal_i2c.o
    0x08008ca4   0x08008ca4   0x00000058   Code   RO         1025    i.I2C_WaitOnSTOPFlagUntilTimeout  stm32f7xx_hal_i2c.o
    0x08008cfc   0x08008cfc   0x0000005e   Code   RO         1026    i.I2C_WaitOnTXISFlagUntilTimeout  stm32f7xx_hal_i2c.o
    0x08008d5a   0x08008d5a   0x00000014   Code   RO           35    i.I2Cx_Error        stm32746g_discovery.o
    0x08008d6e   0x08008d6e   0x00000002   PAD
    0x08008d70   0x08008d70   0x00000054   Code   RO           36    i.I2Cx_Init         stm32746g_discovery.o
    0x08008dc4   0x08008dc4   0x0000012c   Code   RO           38    i.I2Cx_MspInit      stm32746g_discovery.o
    0x08008ef0   0x08008ef0   0x00000034   Code   RO           39    i.I2Cx_ReadMultiple  stm32746g_discovery.o
    0x08008f24   0x08008f24   0x00000034   Code   RO           40    i.I2Cx_WriteMultiple  stm32746g_discovery.o
    0x08008f58   0x08008f58   0x00000064   Code   RO          390    i.LL_FillBuffer     stm32746g_discovery_lcd.o
    0x08008fbc   0x08008fbc   0x00000bf8   Code   RO         5641    i.LOAD_TRACK        main.o
    0x08009bb4   0x08009bb4   0x000001c4   Code   RO         3950    i.LTDC_SetConfig    stm32f7xx_hal_ltdc.o
    0x08009d78   0x08009d78   0x00000058   Code   RO         6351    i.MX_DMA2D_Init     dma2d.o
    0x08009dd0   0x08009dd0   0x00000090   Code   RO         6685    i.MX_DMA_Init       dma.o
    0x08009e60   0x08009e60   0x0000001c   Code   RO         6271    i.MX_FATFS_Init     fatfs.o
    0x08009e7c   0x08009e7c   0x00000070   Code   RO         6437    i.MX_FMC_Init       fmc.o
    0x08009eec   0x08009eec   0x000002f4   Code   RO         6571    i.MX_GPIO_Init      gpio.o
    0x0800a1e0   0x0800a1e0   0x00000074   Code   RO         6488    i.MX_I2C3_Init      i2c.o
    0x0800a254   0x0800a254   0x00000104   Code   RO         6393    i.MX_LTDC_Init      ltdc.o
    0x0800a358   0x0800a358   0x00000058   Code   RO         6866    i.MX_QUADSPI_Init   quadspi.o
    0x0800a3b0   0x0800a3b0   0x0000007c   Code   RO         6530    i.MX_SAI2_Init      sai.o
    0x0800a42c   0x0800a42c   0x00000020   Code   RO         6309    i.MX_SDMMC1_SD_Init  sdmmc.o
    0x0800a44c   0x0800a44c   0x0000005c   Code   RO         6908    i.MX_SPI1_Init      spi.o
    0x0800a4a8   0x0800a4a8   0x00000098   Code   RO         6718    i.MX_TIM12_Init     tim.o
    0x0800a540   0x0800a540   0x00000080   Code   RO         6719    i.MX_TIM14_Init     tim.o
    0x0800a5c0   0x0800a5c0   0x00000080   Code   RO         6720    i.MX_TIM1_Init      tim.o
    0x0800a640   0x0800a640   0x000003a4   Code   RO         5642    i.NAVIGATOR         main.o
    0x0800a9e4   0x0800a9e4   0x00000304   Code   RO         5643    i.PREPARE_LOAD_TRACK  main.o
    0x0800ace8   0x0800ace8   0x00000028   Code   RO         5644    i.PlaylistID_to_Pos  main.o
    0x0800ad10   0x0800ad10   0x0000005a   Code   RO          811    i.QSPI_AutoPollingMemReady  stm32746g_discovery_qspi.o
    0x0800ad6a   0x0800ad6a   0x00000262   Code   RO         5015    i.QSPI_Config       stm32f7xx_hal_qspi.o
    0x0800afcc   0x0800afcc   0x000000aa   Code   RO          812    i.QSPI_DummyCyclesCfg  stm32746g_discovery_qspi.o
    0x0800b076   0x0800b076   0x00000064   Code   RO          813    i.QSPI_ResetMemory  stm32746g_discovery_qspi.o
    0x0800b0da   0x0800b0da   0x0000005a   Code   RO         5022    i.QSPI_WaitFlagStateUntilTimeout  stm32f7xx_hal_qspi.o
    0x0800b134   0x0800b134   0x0000006e   Code   RO          814    i.QSPI_WriteEnable  stm32746g_discovery_qspi.o
    0x0800b1a2   0x0800b1a2   0x00000002   PAD
    0x0800b1a4   0x0800b1a4   0x00000120   Code   RO         5645    i.ReDrawScroll      main.o
    0x0800b2c4   0x0800b2c4   0x000002f0   Code   RO         5646    i.RedrawWaveforms   main.o
    0x0800b5b4   0x0800b5b4   0x0000044e   Code   RO         5647    i.SAI2_IRQHandler   main.o
    0x0800ba02   0x0800ba02   0x00000044   Code   RO         4744    i.SAI_DMAAbort      stm32f7xx_hal_sai.o
    0x0800ba46   0x0800ba46   0x00000002   PAD
    0x0800ba48   0x0800ba48   0x00000044   Code   RO         4750    i.SAI_Disable       stm32f7xx_hal_sai.o
    0x0800ba8c   0x0800ba8c   0x00000058   Code   RO         4751    i.SAI_FillFifo      stm32f7xx_hal_sai.o
    0x0800bae4   0x0800bae4   0x00000030   Code   RO         4754    i.SAI_InterruptFlag  stm32f7xx_hal_sai.o
    0x0800bb14   0x0800bb14   0x00000048   Code   RO         4758    i.SAI_Transmit_IT16Bit  stm32f7xx_hal_sai.o
    0x0800bb5c   0x0800bb5c   0x00000048   Code   RO         4759    i.SAI_Transmit_IT32Bit  stm32f7xx_hal_sai.o
    0x0800bba4   0x0800bba4   0x00000046   Code   RO         4760    i.SAI_Transmit_IT8Bit  stm32f7xx_hal_sai.o
    0x0800bbea   0x0800bbea   0x00000032   Code   RO         4423    i.SDMMC_CmdAppCommand  stm32f7xx_ll_sdmmc.o
    0x0800bc1c   0x0800bc1c   0x00000034   Code   RO         4424    i.SDMMC_CmdAppOperCommand  stm32f7xx_ll_sdmmc.o
    0x0800bc50   0x0800bc50   0x00000032   Code   RO         4425    i.SDMMC_CmdBlockLength  stm32f7xx_ll_sdmmc.o
    0x0800bc82   0x0800bc82   0x00000032   Code   RO         4426    i.SDMMC_CmdBusWidth  stm32f7xx_ll_sdmmc.o
    0x0800bcb4   0x0800bcb4   0x00000028   Code   RO         4430    i.SDMMC_CmdGoIdleState  stm32f7xx_ll_sdmmc.o
    0x0800bcdc   0x0800bcdc   0x00000030   Code   RO         4432    i.SDMMC_CmdOperCond  stm32f7xx_ll_sdmmc.o
    0x0800bd0c   0x0800bd0c   0x00000032   Code   RO         4433    i.SDMMC_CmdReadMultiBlock  stm32f7xx_ll_sdmmc.o
    0x0800bd3e   0x0800bd3e   0x00000032   Code   RO         4434    i.SDMMC_CmdReadSingleBlock  stm32f7xx_ll_sdmmc.o
    0x0800bd70   0x0800bd70   0x00000032   Code   RO         4437    i.SDMMC_CmdSelDesel  stm32f7xx_ll_sdmmc.o
    0x0800bda2   0x0800bda2   0x0000002c   Code   RO         4438    i.SDMMC_CmdSendCID  stm32f7xx_ll_sdmmc.o
    0x0800bdce   0x0800bdce   0x0000002c   Code   RO         4439    i.SDMMC_CmdSendCSD  stm32f7xx_ll_sdmmc.o
    0x0800bdfa   0x0800bdfa   0x00000030   Code   RO         4440    i.SDMMC_CmdSendSCR  stm32f7xx_ll_sdmmc.o
    0x0800be2a   0x0800be2a   0x00000032   Code   RO         4441    i.SDMMC_CmdSendStatus  stm32f7xx_ll_sdmmc.o
    0x0800be5c   0x0800be5c   0x0000003a   Code   RO         4442    i.SDMMC_CmdSetRelAdd  stm32f7xx_ll_sdmmc.o
    0x0800be96   0x0800be96   0x00000002   PAD
    0x0800be98   0x0800be98   0x00000034   Code   RO         4444    i.SDMMC_CmdStopTransfer  stm32f7xx_ll_sdmmc.o
    0x0800becc   0x0800becc   0x00000032   Code   RO         4446    i.SDMMC_CmdWriteMultiBlock  stm32f7xx_ll_sdmmc.o
    0x0800befe   0x0800befe   0x00000032   Code   RO         4447    i.SDMMC_CmdWriteSingleBlock  stm32f7xx_ll_sdmmc.o
    0x0800bf30   0x0800bf30   0x00000024   Code   RO         4448    i.SDMMC_ConfigData  stm32f7xx_ll_sdmmc.o
    0x0800bf54   0x0800bf54   0x00000034   Code   RO         4449    i.SDMMC_GetCmdError  stm32f7xx_ll_sdmmc.o
    0x0800bf88   0x0800bf88   0x0000017c   Code   RO         4450    i.SDMMC_GetCmdResp1  stm32f7xx_ll_sdmmc.o
    0x0800c104   0x0800c104   0x00000054   Code   RO         4451    i.SDMMC_GetCmdResp2  stm32f7xx_ll_sdmmc.o
    0x0800c158   0x0800c158   0x00000044   Code   RO         4452    i.SDMMC_GetCmdResp3  stm32f7xx_ll_sdmmc.o
    0x0800c19c   0x0800c19c   0x000000a8   Code   RO         4453    i.SDMMC_GetCmdResp6  stm32f7xx_ll_sdmmc.o
    0x0800c244   0x0800c244   0x0000004c   Code   RO         4454    i.SDMMC_GetCmdResp7  stm32f7xx_ll_sdmmc.o
    0x0800c290   0x0800c290   0x00000006   Code   RO         4455    i.SDMMC_GetCommandResponse  stm32f7xx_ll_sdmmc.o
    0x0800c296   0x0800c296   0x00000008   Code   RO         4458    i.SDMMC_GetPowerState  stm32f7xx_ll_sdmmc.o
    0x0800c29e   0x0800c29e   0x00000010   Code   RO         4459    i.SDMMC_GetResponse  stm32f7xx_ll_sdmmc.o
    0x0800c2ae   0x0800c2ae   0x0000002c   Code   RO         4460    i.SDMMC_Init        stm32f7xx_ll_sdmmc.o
    0x0800c2da   0x0800c2da   0x00000008   Code   RO         4462    i.SDMMC_PowerState_ON  stm32f7xx_ll_sdmmc.o
    0x0800c2e2   0x0800c2e2   0x00000006   Code   RO         4463    i.SDMMC_ReadFIFO    stm32f7xx_ll_sdmmc.o
    0x0800c2e8   0x0800c2e8   0x00000020   Code   RO         4464    i.SDMMC_SendCommand  stm32f7xx_ll_sdmmc.o
    0x0800c308   0x0800c308   0x0000000a   Code   RO         4466    i.SDMMC_WriteFIFO   stm32f7xx_ll_sdmmc.o
    0x0800c312   0x0800c312   0x0000013a   Code   RO         4200    i.SD_FindSCR        stm32f7xx_hal_sd.o
    0x0800c44c   0x0800c44c   0x000000e6   Code   RO         4201    i.SD_InitCard       stm32f7xx_hal_sd.o
    0x0800c532   0x0800c532   0x000000b0   Code   RO         4203    i.SD_PowerON        stm32f7xx_hal_sd.o
    0x0800c5e2   0x0800c5e2   0x0000002e   Code   RO         4206    i.SD_SendStatus     stm32f7xx_hal_sd.o
    0x0800c610   0x0800c610   0x0000005e   Code   RO         4207    i.SD_WideBus_Disable  stm32f7xx_hal_sd.o
    0x0800c66e   0x0800c66e   0x0000005e   Code   RO         4208    i.SD_WideBus_Enable  stm32f7xx_hal_sd.o
    0x0800c6cc   0x0800c6cc   0x00000020   Code   RO         7493    i.SD_initialize     sd_diskio.o
    0x0800c6ec   0x0800c6ec   0x00000060   Code   RO         7494    i.SD_ioctl          sd_diskio.o
    0x0800c74c   0x0800c74c   0x00000038   Code   RO         7495    i.SD_read           sd_diskio.o
    0x0800c784   0x0800c784   0x00000020   Code   RO         7496    i.SD_status         sd_diskio.o
    0x0800c7a4   0x0800c7a4   0x00000038   Code   RO         7497    i.SD_write          sd_diskio.o
    0x0800c7dc   0x0800c7dc   0x00000054   Code   RO         5648    i.SEEK_AUDIOFRAME   main.o
    0x0800c830   0x0800c830   0x000000c4   Code   RO         5649    i.SET_CUE           main.o
    0x0800c8f4   0x0800c8f4   0x000000c8   Code   RO         5650    i.SET_MEMORY_CUE_1  main.o
    0x0800c9bc   0x0800c9bc   0x00000054   Code   RO         5651    i.SET_MEMORY_CUE_2  main.o
    0x0800ca10   0x0800ca10   0x00000022   Code   RO         5277    i.SPI_DMAError      stm32f7xx_hal_spi.o
    0x0800ca32   0x0800ca32   0x0000000a   Code   RO         5278    i.SPI_DMAHalfReceiveCplt  stm32f7xx_hal_spi.o
    0x0800ca3c   0x0800ca3c   0x0000000a   Code   RO         5280    i.SPI_DMAHalfTransmitReceiveCplt  stm32f7xx_hal_spi.o
    0x0800ca46   0x0800ca46   0x00000058   Code   RO         5281    i.SPI_DMAReceiveCplt  stm32f7xx_hal_spi.o
    0x0800ca9e   0x0800ca9e   0x0000005e   Code   RO         5284    i.SPI_DMATransmitReceiveCplt  stm32f7xx_hal_spi.o
    0x0800cafc   0x0800cafc   0x0000007c   Code   RO         5286    i.SPI_EndRxTransaction  stm32f7xx_hal_spi.o
    0x0800cb78   0x0800cb78   0x00000064   Code   RO         5287    i.SPI_EndRxTxTransaction  stm32f7xx_hal_spi.o
    0x0800cbdc   0x0800cbdc   0x000000aa   Code   RO         5292    i.SPI_WaitFifoStateUntilTimeout  stm32f7xx_hal_spi.o
    0x0800cc86   0x0800cc86   0x00000094   Code   RO         5293    i.SPI_WaitFlagStateUntilTimeout  stm32f7xx_hal_spi.o
    0x0800cd1a   0x0800cd1a   0x00000002   PAD
    0x0800cd1c   0x0800cd1c   0x0000005c   Code   RO         5652    i.ShowACUE          main.o
    0x0800cd78   0x0800cd78   0x00000190   Code   RO         5653    i.ShowBPM           main.o
    0x0800cf08   0x0800cf08   0x0000004c   Code   RO         5654    i.ShowNEEDLE        main.o
    0x0800cf54   0x0800cf54   0x000007c4   Code   RO         5655    i.ShowPhaseMeter    main.o
    0x0800d718   0x0800d718   0x0000005c   Code   RO         5656    i.ShowQUANTIZE      main.o
    0x0800d774   0x0800d774   0x0000004c   Code   RO         5657    i.ShowREMAIN        main.o
    0x0800d7c0   0x0800d7c0   0x000001ac   Code   RO         5658    i.ShowTempo         main.o
    0x0800d96c   0x0800d96c   0x00000084   Code   RO         5659    i.ShowTrackNumber   main.o
    0x0800d9f0   0x0800d9f0   0x00000f2c   Code   RO         5660    i.SwitchInformationLayer  main.o
    0x0800e91c   0x0800e91c   0x0000000e   Code   RO         5566    i.SysTick_Handler   stm32f7xx_it.o
    0x0800e92a   0x0800e92a   0x00000002   PAD
    0x0800e92c   0x0800e92c   0x00000110   Code   RO         5661    i.SystemClock_Config  main.o
    0x0800ea3c   0x0800ea3c   0x00000058   Code   RO         6949    i.SystemInit        system_stm32f7xx.o
    0x0800ea94   0x0800ea94   0x00000238   Code   RO         5662    i.TIM1_UP_TIM10_IRQHandler  main.o
    0x0800eccc   0x0800eccc   0x000000cc   Code   RO         2123    i.TIM_Base_SetConfig  stm32f7xx_hal_tim.o
    0x0800ed98   0x0800ed98   0x0000001a   Code   RO         2124    i.TIM_CCxChannelCmd  stm32f7xx_hal_tim.o
    0x0800edb2   0x0800edb2   0x00000016   Code   RO         2130    i.TIM_ETR_SetConfig  stm32f7xx_hal_tim.o
    0x0800edc8   0x0800edc8   0x00000010   Code   RO         2131    i.TIM_ITRx_SetConfig  stm32f7xx_hal_tim.o
    0x0800edd8   0x0800edd8   0x00000070   Code   RO         2132    i.TIM_OC1_SetConfig  stm32f7xx_hal_tim.o
    0x0800ee48   0x0800ee48   0x00000078   Code   RO         2133    i.TIM_OC2_SetConfig  stm32f7xx_hal_tim.o
    0x0800eec0   0x0800eec0   0x00000078   Code   RO         2134    i.TIM_OC3_SetConfig  stm32f7xx_hal_tim.o
    0x0800ef38   0x0800ef38   0x00000060   Code   RO         2135    i.TIM_OC4_SetConfig  stm32f7xx_hal_tim.o
    0x0800ef98   0x0800ef98   0x0000005a   Code   RO         1423    i.TIM_OC5_SetConfig  stm32f7xx_hal_tim_ex.o
    0x0800eff2   0x0800eff2   0x0000005c   Code   RO         1424    i.TIM_OC6_SetConfig  stm32f7xx_hal_tim_ex.o
    0x0800f04e   0x0800f04e   0x00000026   Code   RO         2137    i.TIM_TI1_ConfigInputStage  stm32f7xx_hal_tim.o
    0x0800f074   0x0800f074   0x00000024   Code   RO         2139    i.TIM_TI2_ConfigInputStage  stm32f7xx_hal_tim.o
    0x0800f098   0x0800f098   0x000000dc   Code   RO         5663    i.TOUCH_SCREEN_HANDLER  main.o
    0x0800f174   0x0800f174   0x00000038   Code   RO         6776    i.TS_DetectTouch    ft5336.o
    0x0800f1ac   0x0800f1ac   0x000000ec   Code   RO         6777    i.TS_GetState       ft5336.o
    0x0800f298   0x0800f298   0x000000b8   Code   RO         6778    i.TS_GetTouchInfo   ft5336.o
    0x0800f350   0x0800f350   0x00000104   Code   RO         6779    i.TS_GetXY          ft5336.o
    0x0800f454   0x0800f454   0x0000005e   Code   RO         6780    i.TS_Get_GestureId  ft5336.o
    0x0800f4b2   0x0800f4b2   0x00000002   PAD
    0x0800f4b4   0x0800f4b4   0x00000034   Code   RO         6781    i.TS_IO_Read        ft5336.o
    0x0800f4e8   0x0800f4e8   0x0000002c   Code   RO         6782    i.TS_IO_Write       ft5336.o
    0x0800f514   0x0800f514   0x0000002c   Code   RO         6783    i.Touch_Ini         ft5336.o
    0x0800f540   0x0800f540   0x00000030   Code   RO         6784    i.Touch_ReadID      ft5336.o
    0x0800f570   0x0800f570   0x000003a4   Code   RO         5664    i.UTILITY_PARAMETER  main.o
    0x0800f914   0x0800f914   0x00000002   Code   RO         5665    i._Error_Handler    main.o
    0x0800f916   0x0800f916   0x00000002   PAD
    0x0800f918   0x0800f918   0x00000028   Code   RO         7761    i.__0sprintf$8      mc_w.l(printf8.o)
    0x0800f940   0x0800f940   0x0000000e   Code   RO         7893    i.__scatterload_copy  mc_w.l(handlers.o)
    0x0800f94e   0x0800f94e   0x00000002   Code   RO         7894    i.__scatterload_null  mc_w.l(handlers.o)
    0x0800f950   0x0800f950   0x0000000e   Code   RO         7895    i.__scatterload_zeroinit  mc_w.l(handlers.o)
    0x0800f95e   0x0800f95e   0x00000002   PAD
    0x0800f960   0x0800f960   0x00000410   Code   RO         7766    i._printf_core      mc_w.l(printf8.o)
    0x0800fd70   0x0800fd70   0x00000024   Code   RO         7767    i._printf_post_padding  mc_w.l(printf8.o)
    0x0800fd94   0x0800fd94   0x0000002e   Code   RO         7768    i._printf_pre_padding  mc_w.l(printf8.o)
    0x0800fdc2   0x0800fdc2   0x0000000a   Code   RO         7770    i._sputc            mc_w.l(printf8.o)
    0x0800fdcc   0x0800fdcc   0x00000090   Code   RO         7017    i.check_fs          ff.o
    0x0800fe5c   0x0800fe5c   0x00000010   Code   RO         7018    i.chk_chr           ff.o
    0x0800fe6c   0x0800fe6c   0x0000007c   Code   RO         7019    i.chk_lock          ff.o
    0x0800fee8   0x0800fee8   0x0000002c   Code   RO         7020    i.clear_lock        ff.o
    0x0800ff14   0x0800ff14   0x00000034   Code   RO         7021    i.clmt_clust        ff.o
    0x0800ff48   0x0800ff48   0x0000001c   Code   RO         7022    i.clust2sect        ff.o
    0x0800ff64   0x0800ff64   0x00000088   Code   RO         7023    i.cmp_lfn           ff.o
    0x0800ffec   0x0800ffec   0x000000b8   Code   RO         7024    i.create_chain      ff.o
    0x080100a4   0x080100a4   0x00000200   Code   RO         7025    i.create_name       ff.o
    0x080102a4   0x080102a4   0x00000038   Code   RO         7026    i.dec_lock          ff.o
    0x080102dc   0x080102dc   0x0000004c   Code   RO         7027    i.dir_alloc         ff.o
    0x08010328   0x08010328   0x000000d0   Code   RO         7028    i.dir_find          ff.o
    0x080103f8   0x080103f8   0x0000015a   Code   RO         7029    i.dir_next          ff.o
    0x08010552   0x08010552   0x00000002   PAD
    0x08010554   0x08010554   0x00000130   Code   RO         7031    i.dir_register      ff.o
    0x08010684   0x08010684   0x000000ae   Code   RO         7033    i.dir_sdi           ff.o
    0x08010732   0x08010732   0x00000002   PAD
    0x08010734   0x08010734   0x0000002c   Code   RO         7387    i.disk_initialize   diskio.o
    0x08010760   0x08010760   0x0000001c   Code   RO         7388    i.disk_ioctl        diskio.o
    0x0801077c   0x0801077c   0x00000020   Code   RO         7389    i.disk_read         diskio.o
    0x0801079c   0x0801079c   0x00000018   Code   RO         7390    i.disk_status       diskio.o
    0x080107b4   0x080107b4   0x00000020   Code   RO         7391    i.disk_write        diskio.o
    0x080107d4   0x080107d4   0x00000028   Code   RO         7034    i.enq_lock          ff.o
    0x080107fc   0x080107fc   0x0000002c   Code   RO         7036    i.f_close           ff.o
    0x08010828   0x08010828   0x000000e2   Code   RO         7038    i.f_getfree         ff.o
    0x0801090a   0x0801090a   0x000002de   Code   RO         7040    i.f_lseek           ff.o
    0x08010be8   0x08010be8   0x00000070   Code   RO         7043    i.f_mount           ff.o
    0x08010c58   0x08010c58   0x000001f4   Code   RO         7044    i.f_open            ff.o
    0x08010e4c   0x08010e4c   0x000001b4   Code   RO         7049    i.f_read            ff.o
    0x08011000   0x08011000   0x000000ae   Code   RO         7053    i.f_sync            ff.o
    0x080110ae   0x080110ae   0x00000008   Code   RO         5666    i.ff_convert        main.o
    0x080110b6   0x080110b6   0x00000016   Code   RO         5667    i.ff_wtoupper       main.o
    0x080110cc   0x080110cc   0x000003a4   Code   RO         7058    i.find_volume       ff.o
    0x08011470   0x08011470   0x00000074   Code   RO         7059    i.fit_lfn           ff.o
    0x080114e4   0x080114e4   0x0000007a   Code   RO         7060    i.follow_path       ff.o
    0x0801155e   0x0801155e   0x00000002   PAD
    0x08011560   0x08011560   0x00000050   Code   RO         7813    i.free              mc_w.l(malloc.o)
    0x080115b0   0x080115b0   0x00000018   Code   RO         6785    i.ft5336_TS_GetGestureID  ft5336.o
    0x080115c8   0x080115c8   0x00000096   Code   RO         7061    i.gen_numname       ff.o
    0x0801165e   0x0801165e   0x000000fc   Code   RO         7062    i.get_fat           ff.o
    0x0801175a   0x0801175a   0x00000004   Code   RO         6272    i.get_fattime       fatfs.o
    0x0801175e   0x0801175e   0x00000054   Code   RO         7064    i.get_ldnumber      ff.o
    0x080117b2   0x080117b2   0x00000002   PAD
    0x080117b4   0x080117b4   0x000000b0   Code   RO         7065    i.inc_lock          ff.o
    0x08011864   0x08011864   0x000003f4   Code   RO         5668    i.intDRAW_WAVEFORM_FRAME  main.o
    0x08011c58   0x08011c58   0x000000c4   Code   RO         5669    i.intDrawLayer0_ANIMATION  main.o
    0x08011d1c   0x08011d1c   0x00000154   Code   RO         5670    i.intDrawLayer0_BROWSER_1_3  main.o
    0x08011e70   0x08011e70   0x000002ec   Code   RO         5671    i.intDrawLayer0_INFO  main.o
    0x0801215c   0x0801215c   0x00000264   Code   RO         5672    i.intDrawLayer0_INFO_ANIMATION  main.o
    0x080123c0   0x080123c0   0x000000f0   Code   RO         5673    i.intDrawLayer0_NOINFO  main.o
    0x080124b0   0x080124b0   0x00000074   Code   RO         5674    i.intDrawLayer0_NOINFO_ANIMATION  main.o
    0x08012524   0x08012524   0x000000b8   Code   RO         5675    i.intDrawTriangle   main.o
    0x080125dc   0x080125dc   0x00000270   Code   RO         5676    i.int_B1_DRAW_ONE_LINE  main.o
    0x0801284c   0x0801284c   0x00000318   Code   RO         5677    i.int_B2_DRAW_ONE_LINE  main.o
    0x08012b64   0x08012b64   0x000004bc   Code   RO         5678    i.int_BI_DRAW_ONE_LINE  main.o
    0x08013020   0x08013020   0x00000938   Code   RO         5679    i.int_BIx_DRAW_ALL_LINES  main.o
    0x08013958   0x08013958   0x000001d8   Code   RO         5680    i.int_B_DRAW_ALL_LINES  main.o
    0x08013b30   0x08013b30   0x00000378   Code   RO         5681    i.int_B_DRAW_ONE_LINE  main.o
    0x08013ea8   0x08013ea8   0x000000a4   Code   RO         5682    i.int_DRAW_STARS_RATING  main.o
    0x08013f4c   0x08013f4c   0x0000009a   Code   RO         5683    i.int_DRAW_TRANSPARENT_BAR  main.o
    0x08013fe6   0x08013fe6   0x00000002   PAD
    0x08013fe8   0x08013fe8   0x00000294   Code   RO         5684    i.int_TI_DRAW_ALL_LINES  main.o
    0x0801427c   0x0801427c   0x000003d4   Code   RO         5685    i.int_TI_DRAW_ONE_LINE  main.o
    0x08014650   0x08014650   0x0000013c   Code   RO         5686    i.int_T_DRAW_ALL_LINES  main.o
    0x0801478c   0x0801478c   0x00000284   Code   RO         5687    i.int_T_DRAW_ONE_LINE  main.o
    0x08014a10   0x08014a10   0x000000a0   Code   RO         5688    i.int_U_DRAW_ALL_LINES  main.o
    0x08014ab0   0x08014ab0   0x00000284   Code   RO         5689    i.int_U_DRAW_ONE_LINE  main.o
    0x08014d34   0x08014d34   0x00000088   Code   RO         5690    i.int_U_REDRAW_ONE_LINE  main.o
    0x08014dbc   0x08014dbc   0x00000040   Code   RO         5691    i.int_VALUE_to_KEY  main.o
    0x08014dfc   0x08014dfc   0x00000054   Code   RO         5692    i.int_reload_parameter  main.o
    0x08014e50   0x08014e50   0x00000144   Code   RO         5693    i.int_reload_parameter_realtime  main.o
    0x08014f94   0x08014f94   0x00000022   Code   RO         7066    i.ld_clust          ff.o
    0x08014fb6   0x08014fb6   0x00000002   PAD
    0x08014fb8   0x08014fb8   0x00001292   Code   RO         5694    i.main              main.o
    0x0801624a   0x0801624a   0x00000002   PAD
    0x0801624c   0x0801624c   0x0000006c   Code   RO         7814    i.malloc            mc_w.l(malloc.o)
    0x080162b8   0x080162b8   0x00000018   Code   RO         7067    i.mem_cmp           ff.o
    0x080162d0   0x080162d0   0x00000012   Code   RO         7068    i.mem_cpy           ff.o
    0x080162e2   0x080162e2   0x00000010   Code   RO         7069    i.mem_set           ff.o
    0x080162f2   0x080162f2   0x0000003a   Code   RO         7070    i.move_window       ff.o
    0x0801632c   0x0801632c   0x00000134   Code   RO         7072    i.put_fat           ff.o
    0x08016460   0x08016460   0x0000006e   Code   RO         7074    i.remove_chain      ff.o
    0x080164ce   0x080164ce   0x00000010   Code   RO         7075    i.st_clust          ff.o
    0x080164de   0x080164de   0x0000001a   Code   RO         7076    i.sum_sfn           ff.o
    0x080164f8   0x080164f8   0x000000ac   Code   RO         7077    i.sync_fs           ff.o
    0x080165a4   0x080165a4   0x00000056   Code   RO         7078    i.sync_window       ff.o
    0x080165fa   0x080165fa   0x00000032   Code   RO         7079    i.validate          ff.o
    0x0801662c   0x0801662c   0x00000004   Code   RO         6593    i.wm8994_DeInit     wm8994.o
    0x08016630   0x08016630   0x0000071c   Code   RO         6594    i.wm8994_Init       wm8994.o
    0x08016d4c   0x08016d4c   0x0000001c   Code   RO         6595    i.wm8994_Pause      wm8994.o
    0x08016d68   0x08016d68   0x00000006   Code   RO         6596    i.wm8994_Play       wm8994.o
    0x08016d6e   0x08016d6e   0x00000014   Code   RO         6597    i.wm8994_ReadID     wm8994.o
    0x08016d82   0x08016d82   0x00000002   PAD
    0x08016d84   0x08016d84   0x0000001c   Code   RO         6598    i.wm8994_Reset      wm8994.o
    0x08016da0   0x08016da0   0x00000006   Code   RO         6599    i.wm8994_Resume     wm8994.o
    0x08016da6   0x08016da6   0x0000009c   Code   RO         6600    i.wm8994_SetFrequency  wm8994.o
    0x08016e42   0x08016e42   0x00000002   PAD
    0x08016e44   0x08016e44   0x00000058   Code   RO         6601    i.wm8994_SetMute    wm8994.o
    0x08016e9c   0x08016e9c   0x00000130   Code   RO         6602    i.wm8994_SetOutputMode  wm8994.o
    0x08016fcc   0x08016fcc   0x00000130   Code   RO         6603    i.wm8994_SetVolume  wm8994.o
    0x080170fc   0x080170fc   0x00000080   Code   RO         6604    i.wm8994_Stop       wm8994.o
    0x0801717c   0x0801717c   0x000016a4   Data   RO          392    .constdata          stm32746g_discovery_lcd.o
    0x08018820   0x08018820   0x00000548   Data   RO          393    .constdata          stm32746g_discovery_lcd.o
    0x08018d68   0x08018d68   0x00000e18   Data   RO          394    .constdata          stm32746g_discovery_lcd.o
    0x08019b80   0x08019b80   0x00000b22   Data   RO          395    .constdata          stm32746g_discovery_lcd.o
    0x0801a6a2   0x0801a6a2   0x000003b6   Data   RO          396    .constdata          stm32746g_discovery_lcd.o
    0x0801aa58   0x0801aa58   0x000004c5   Data   RO          397    .constdata          stm32746g_discovery_lcd.o
    0x0801af1d   0x0801af1d   0x00000d5c   Data   RO          398    .constdata          stm32746g_discovery_lcd.o
    0x0801bc79   0x0801bc79   0x0000018c   Data   RO          399    .constdata          stm32746g_discovery_lcd.o
    0x0801be05   0x0801be05   0x000009a6   Data   RO          400    .constdata          stm32746g_discovery_lcd.o
    0x0801c7ab   0x0801c7ab   0x00000008   Data   RO         3469    .constdata          stm32f7xx_hal_dma.o
    0x0801c7b3   0x0801c7b3   0x00000001   PAD
    0x0801c7b4   0x0801c7b4   0x000000e4   Data   RO         5698    .constdata          main.o
    0x0801c898   0x0801c898   0x00000010   Data   RO         6950    .constdata          system_stm32f7xx.o
    0x0801c8a8   0x0801c8a8   0x000000ba   Data   RO         7081    .constdata          ff.o
    0x0801c962   0x0801c962   0x00000002   PAD
    0x0801c964   0x0801c964   0x00000014   Data   RO         7498    .constdata          sd_diskio.o
    0x0801c978   0x0801c978   0x00000030   Data   RO         7891    Region$$Table       anon$$obj.o


    Execution Region RW_IRAM1 (Exec base: 0x20000000, Load base: 0x0801c9a8, Size: 0x0002b138, Max: 0x00050000, ABSOLUTE, COMPRESSED[0x000003f0])

    Exec Addr    Load Addr    Size         Type   Attr      Idx    E Section Name        Object

    0x20000000   COMPRESSED   0x00000077   Data   RW          401    .data               stm32746g_discovery_lcd.o
    0x20000077   COMPRESSED   0x00000001   PAD
    0x20000078   COMPRESSED   0x00000008   Data   RW          402    .data               stm32746g_discovery_lcd.o
    0x20000080   COMPRESSED   0x00000008   Data   RW          403    .data               stm32746g_discovery_lcd.o
    0x20000088   COMPRESSED   0x00000008   Data   RW          404    .data               stm32746g_discovery_lcd.o
    0x20000090   COMPRESSED   0x00000008   Data   RW          405    .data               stm32746g_discovery_lcd.o
    0x20000098   COMPRESSED   0x00000008   Data   RW          406    .data               stm32746g_discovery_lcd.o
    0x200000a0   COMPRESSED   0x00000008   Data   RW          407    .data               stm32746g_discovery_lcd.o
    0x200000a8   COMPRESSED   0x00000008   Data   RW          408    .data               stm32746g_discovery_lcd.o
    0x200000b0   COMPRESSED   0x00000002   Data   RW          725    .data               stm32746g_discovery_sdram.o
    0x200000b2   COMPRESSED   0x00000002   PAD
    0x200000b4   COMPRESSED   0x00000004   Data   RW         3619    .data               stm32f7xx_hal.o
    0x200000b8   COMPRESSED   0x00000530   Data   RW         5699    .data               main.o
    0x200005e8   COMPRESSED   0x00000005   Data   RW         6273    .data               fatfs.o
    0x200005ed   COMPRESSED   0x00000003   PAD
    0x200005f0   COMPRESSED   0x00000008   Data   RW         6439    .data               fmc.o
    0x200005f8   COMPRESSED   0x00000004   Data   RW         6532    .data               sai.o
    0x200005fc   COMPRESSED   0x00000030   Data   RW         6605    .data               wm8994.o
    0x2000062c   COMPRESSED   0x00000008   Data   RW         6606    .data               wm8994.o
    0x20000634   COMPRESSED   0x00000005   Data   RW         6787    .data               ft5336.o
    0x20000639   COMPRESSED   0x00000003   PAD
    0x2000063c   COMPRESSED   0x00000004   Data   RW         6952    .data               system_stm32f7xx.o
    0x20000640   COMPRESSED   0x00000008   Data   RW         7082    .data               ff.o
    0x20000648   COMPRESSED   0x00000001   Data   RW         7499    .data               sd_diskio.o
    0x20000649   COMPRESSED   0x00000003   PAD
    0x2000064c   COMPRESSED   0x00000004   Data   RW         7866    .data               mc_w.l(mvars.o)
    0x20000650   COMPRESSED   0x00000004   Data   RW         7867    .data               mc_w.l(mvars.o)
    0x20000654        -       0x00000098   Zero   RW           43    .bss                stm32746g_discovery.o
    0x200006ec        -       0x00000184   Zero   RW          391    .bss                stm32746g_discovery_lcd.o
    0x20000870        -       0x00000120   Zero   RW          724    .bss                stm32746g_discovery_sdram.o
    0x20000990        -       0x0000004c   Zero   RW          815    .bss                stm32746g_discovery_qspi.o
    0x200009dc        -       0x0000001c   Zero   RW         1672    .bss                stm32f7xx_hal_flash.o
    0x200009f8        -       0x00029cf0   Zero   RW         5695    .bss                main.o
    0x2002a6e8        -       0x00000084   Zero   RW         6310    .bss                sdmmc.o
    0x2002a76c        -       0x00000040   Zero   RW         6352    .bss                dma2d.o
    0x2002a7ac        -       0x000000a8   Zero   RW         6394    .bss                ltdc.o
    0x2002a854        -       0x00000034   Zero   RW         6438    .bss                fmc.o
    0x2002a888        -       0x0000004c   Zero   RW         6489    .bss                i2c.o
    0x2002a8d4        -       0x00000084   Zero   RW         6531    .bss                sai.o
    0x2002a958        -       0x00000060   Zero   RW         6686    .bss                dma.o
    0x2002a9b8        -       0x000000c0   Zero   RW         6721    .bss                tim.o
    0x2002aa78        -       0x00000028   Zero   RW         6786    .bss                ft5336.o
    0x2002aaa0        -       0x0000004c   Zero   RW         6867    .bss                quadspi.o
    0x2002aaec        -       0x00000124   Zero   RW         6909    .bss                spi.o
    0x2002ac10        -       0x00000218   Zero   RW         7080    .bss                ff.o
    0x2002ae28        -       0x0000000c   Zero   RW         7447    .bss                ff_gen_drv.o
    0x2002ae34   COMPRESSED   0x00000004   PAD
    0x2002ae38        -       0x00000100   Zero   RW            2    HEAP                startup_stm32f746xx.o
    0x2002af38        -       0x00000200   Zero   RW            1    STACK               startup_stm32f746xx.o


    Execution Region RW_IRAM2 (Exec base: 0xc0000000, Load base: 0x0801cd98, Size: 0x00678400, Max: 0x00800000, ABSOLUTE, COMPRESSED[0x0000cfd8])

    Exec Addr    Load Addr    Size         Type   Attr      Idx    E Section Name        Object

    0xc0000000   COMPRESSED   0x00678400   Data   RW         5705    .sdram              main.o



  Load Region LR_QSPI (Base: 0x90000000, Size: 0x00459b78, Max: 0x01000000, ABSOLUTE)

    Execution Region ER_QSPI (Exec base: 0x90000000, Load base: 0x90000000, Size: 0x00459b78, Max: 0x01000000, ABSOLUTE)

    Exec Addr    Load Addr    Size         Type   Attr      Idx    E Section Name        Object

    0x90000000   0x90000000   0x00459aa5   Data   RO         5703    .qspi_data          main.o
    0x90459aa5   0x90459aa5   0x00000003   PAD
    0x90459aa8   0x90459aa8   0x000000ce   Data   RW         5704    .qspi_data          main.o


==============================================================================

Image component sizes


      Code (inc. data)   RO Data    RW Data    ZI Data      Debug   Object Name

       162         26          0          0          0       3893   bsp_driver_sd.o
       160         26          0          0          0       3645   diskio.o
       144         30          0          0         96       1023   dma.o
       128         28          0          0         64       1533   dma2d.o
        32         12          0          5          0       1386   fatfs.o
      7420         98        186          8        536      46219   ff.o
        82          6          0          0         12       1623   ff_gen_drv.o
       324         58          0          8         52       2152   fmc.o
      1044         62          0          5         40       7878   ft5336.o
       756         52          0          0          0       1455   gpio.o
       240         46          0          0         76       2101   i2c.o
       436         52          0          0        168       1830   ltdc.o
     47078       3608    4561801    6785534     171248     130050   main.o
       320         70          0          0         76       2258   quadspi.o
       252         44          0          4        132       1688   sai.o
       272         34         20          1          0       4608   sd_diskio.o
       132         20          0          0        132       1552   sdmmc.o
       352         70          0          0        292       1811   spi.o
        36          8        456          0        768        828   startup_stm32f746xx.o
       634         56          0          0        152     886214   stm32746g_discovery.o
      2592        256      22063        175        388      28442   stm32746g_discovery_lcd.o
       958         36          0          0         76       8562   stm32746g_discovery_qspi.o
       628         66          0          2        288       4374   stm32746g_discovery_sdram.o
       112         18          0          4          0       3715   stm32f7xx_hal.o
       246         14          0          0          0      36833   stm32f7xx_hal_cortex.o
      1390         26          8          0          0       8255   stm32f7xx_hal_dma.o
       900          8          0          0          0       6731   stm32f7xx_hal_dma2d.o
       560         70          0          0         28       5978   stm32f7xx_hal_flash.o
        96          6          0          0          0        741   stm32f7xx_hal_flash_ex.o
      1022         34          0          0          0       5545   stm32f7xx_hal_gpio.o
      1958         22          0          0          0      14754   stm32f7xx_hal_i2c.o
       176          0          0          0          0       1967   stm32f7xx_hal_i2c_ex.o
       918          4          0          0          0       4543   stm32f7xx_hal_ltdc.o
        88          0          0          0          0        518   stm32f7xx_hal_msp.o
       128         10          0          0          0       1288   stm32f7xx_hal_pwr_ex.o
      1974          4          0          0          0      11398   stm32f7xx_hal_qspi.o
      1808         66          0          0          0       5262   stm32f7xx_hal_rcc.o
      2204         62          0          0          0       4013   stm32f7xx_hal_rcc_ex.o
      1958         56          0          0          0      11514   stm32f7xx_hal_sai.o
      2982          0          0          0          0      15672   stm32f7xx_hal_sd.o
       162          0          0          0          0       2768   stm32f7xx_hal_sdram.o
      1440         22          0          0          0      12009   stm32f7xx_hal_spi.o
      1676         22          0          0          0      15980   stm32f7xx_hal_tim.o
       600          0          0          0          0       5014   stm32f7xx_hal_tim_ex.o
        26          6          0          0          0        952   stm32f7xx_it.o
       324          0          0          0          0       3624   stm32f7xx_ll_fmc.o
      1830         38          0          0          0      24236   stm32f7xx_ll_sdmmc.o
        88         24         16          4          0       1135   system_stm32f7xx.o
       624         98          0          0        192       3646   tim.o
      2902         26          0         56          0      10026   wm8994.o

    ----------------------------------------------------------------------
     92436       5400    4584604    6785820     174820    1363242   Object Totals
         0          0         48          0          0          0   (incl. Generated)
        62          0          6         14          4          0   (incl. Padding)

    ----------------------------------------------------------------------

      Code (inc. data)   RO Data    RW Data    ZI Data      Debug   Library Member Name

        86          0          0          0          0          0   __dczerorl2.o
         0          0          0          0          0          0   entry.o
         0          0          0          0          0          0   entry10a.o
         0          0          0          0          0          0   entry11a.o
         8          4          0          0          0          0   entry2.o
         4          0          0          0          0          0   entry5.o
         0          0          0          0          0          0   entry7b.o
         0          0          0          0          0          0   entry8b.o
         8          4          0          0          0          0   entry9a.o
        30          0          0          0          0          0   handlers.o
        36          8          0          0          0         68   init.o
        30          0          0          0          0         68   llshl.o
        32          0          0          0          0         68   llushr.o
       188         20          0          0          0        160   malloc.o
         0          0          0          8          0          0   mvars.o
      1172         50          0          0          0        420   printf8.o
        98          0          0          0          0         92   uldiv.o

    ----------------------------------------------------------------------
      1696         86          0          8          0        876   Library Totals
         4          0          0          0          0          0   (incl. Padding)

    ----------------------------------------------------------------------

      Code (inc. data)   RO Data    RW Data    ZI Data      Debug   Library Name

      1692         86          0          8          0        876   mc_w.l

    ----------------------------------------------------------------------
      1696         86          0          8          0        876   Library Totals

    ----------------------------------------------------------------------

==============================================================================


      Code (inc. data)   RO Data    RW Data    ZI Data      Debug   

     94132       5486    4584604    6785828     174820    1322186   Grand Totals
     94132       5486    4584604      54424     174820    1322186   ELF Image Totals (compressed)
     94132       5486    4584604      54424          0          0   ROM Totals

==============================================================================

    Total RO  Size (Code + RO Data)              4678736 (4569.08kB)
    Total RW  Size (RW Data + ZI Data)           6960648 (6797.51kB)
    Total ROM Size (Code + RO Data + RW Data)    4733160 (4622.23kB)

==============================================================================

